Archive member included to satisfy reference by file (symbol)

app/libapp.a(main.c.obj)      (--whole-archive)
zephyr/libzephyr.a(cbprintf_packaged.c.obj)
                              (--whole-archive)
zephyr/libzephyr.a(dec.c.obj)
                              (--whole-archive)
zephyr/libzephyr.a(fdtable.c.obj)
                              (--whole-archive)
zephyr/libzephyr.a(hex.c.obj)
                              (--whole-archive)
zephyr/libzephyr.a(printk.c.obj)
                              (--whole-archive)
zephyr/libzephyr.a(rb.c.obj)  (--whole-archive)
zephyr/libzephyr.a(sem.c.obj)
                              (--whole-archive)
zephyr/libzephyr.a(thread_entry.c.obj)
                              (--whole-archive)
zephyr/libzephyr.a(timeutil.c.obj)
                              (--whole-archive)
zephyr/libzephyr.a(heap.c.obj)
                              (--whole-archive)
zephyr/libzephyr.a(heap-validate.c.obj)
                              (--whole-archive)
zephyr/libzephyr.a(bitarray.c.obj)
                              (--whole-archive)
zephyr/libzephyr.a(multi_heap.c.obj)
                              (--whole-archive)
zephyr/libzephyr.a(onoff.c.obj)
                              (--whole-archive)
zephyr/libzephyr.a(notify.c.obj)
                              (--whole-archive)
zephyr/libzephyr.a(cbprintf_complete.c.obj)
                              (--whole-archive)
zephyr/libzephyr.a(assert.c.obj)
                              (--whole-archive)
zephyr/libzephyr.a(mpsc_pbuf.c.obj)
                              (--whole-archive)
zephyr/libzephyr.a(reboot.c.obj)
                              (--whole-archive)
zephyr/libzephyr.a(configs.c.obj)
                              (--whole-archive)
zephyr/libzephyr.a(soc_nrf_common.S.obj)
                              (--whole-archive)
zephyr/libzephyr.a(validate_base_addresses.c.obj)
                              (--whole-archive)
zephyr/libzephyr.a(validate_enabled_instances.c.obj)
                              (--whole-archive)
zephyr/libzephyr.a(log_core.c.obj)
                              (--whole-archive)
zephyr/libzephyr.a(log_mgmt.c.obj)
                              (--whole-archive)
zephyr/libzephyr.a(log_cache.c.obj)
                              (--whole-archive)
zephyr/libzephyr.a(log_msg.c.obj)
                              (--whole-archive)
zephyr/libzephyr.a(log_output.c.obj)
                              (--whole-archive)
zephyr/libzephyr.a(log_backend_rtt.c.obj)
                              (--whole-archive)
zephyr/libzephyr.a(log_backend_uart.c.obj)
                              (--whole-archive)
zephyr/libzephyr.a(tracing_none.c.obj)
                              (--whole-archive)
zephyr/arch/common/libarch__common.a(sw_isr_common.c.obj)
                              (--whole-archive)
zephyr/arch/arch/arm/core/aarch32/libarch__arm__core__aarch32.a(cpu_idle.S.obj)
                              (--whole-archive)
zephyr/arch/arch/arm/core/aarch32/libarch__arm__core__aarch32.a(fatal.c.obj)
                              (--whole-archive)
zephyr/arch/arch/arm/core/aarch32/libarch__arm__core__aarch32.a(irq_manage.c.obj)
                              (--whole-archive)
zephyr/arch/arch/arm/core/aarch32/libarch__arm__core__aarch32.a(nmi.c.obj)
                              (--whole-archive)
zephyr/arch/arch/arm/core/aarch32/libarch__arm__core__aarch32.a(nmi_on_reset.S.obj)
                              (--whole-archive)
zephyr/arch/arch/arm/core/aarch32/libarch__arm__core__aarch32.a(prep_c.c.obj)
                              (--whole-archive)
zephyr/arch/arch/arm/core/aarch32/libarch__arm__core__aarch32.a(swap.c.obj)
                              (--whole-archive)
zephyr/arch/arch/arm/core/aarch32/libarch__arm__core__aarch32.a(swap_helper.S.obj)
                              (--whole-archive)
zephyr/arch/arch/arm/core/aarch32/libarch__arm__core__aarch32.a(thread.c.obj)
                              (--whole-archive)
zephyr/arch/arch/arm/core/aarch32/libarch__arm__core__aarch32.a(isr_wrapper.S.obj)
                              (--whole-archive)
zephyr/arch/arch/arm/core/aarch32/libarch__arm__core__aarch32.a(tls.c.obj)
                              (--whole-archive)
zephyr/arch/arch/arm/core/aarch32/cortex_m/libarch__arm__core__aarch32__cortex_m.a(exc_exit.S.obj)
                              (--whole-archive)
zephyr/arch/arch/arm/core/aarch32/cortex_m/libarch__arm__core__aarch32__cortex_m.a(fault.c.obj)
                              (--whole-archive)
zephyr/arch/arch/arm/core/aarch32/cortex_m/libarch__arm__core__aarch32__cortex_m.a(fault_s.S.obj)
                              (--whole-archive)
zephyr/arch/arch/arm/core/aarch32/cortex_m/libarch__arm__core__aarch32__cortex_m.a(fpu.c.obj)
                              (--whole-archive)
zephyr/arch/arch/arm/core/aarch32/cortex_m/libarch__arm__core__aarch32__cortex_m.a(irq_init.c.obj)
                              (--whole-archive)
[...]
Memory Configuration

Name             Origin             Length             Attributes
FLASH            0x0000000000000000 0x0000000000080000 xr
RAM              0x0000000020000000 0x0000000000010000 xw
IDT_LIST         0x00000000fffff7ff 0x0000000000000800 xw
*default*        0x0000000000000000 0xffffffffffffffff

Linker script and memory map

                0x000000000001d794                vfprintf = __i_vfprintf
                0x0000000000000000                vfscanf = __i_vfscanf
LOAD zephyr/CMakeFiles/zephyr_pre0.dir/misc/empty_file.c.obj
LOAD app/libapp.a
LOAD zephyr/libzephyr.a
LOAD zephyr/arch/common/libarch__common.a
LOAD zephyr/arch/arch/arm/core/aarch32/libarch__arm__core__aarch32.a
LOAD zephyr/arch/arch/arm/core/aarch32/cortex_m/libarch__arm__core__aarch32__cortex_m.a
LOAD zephyr/arch/arch/arm/core/aarch32/mpu/libarch__arm__core__aarch32__mpu.a
LOAD zephyr/lib/libc/picolibc/liblib__libc__picolibc.a
LOAD zephyr/lib/libc/common/liblib__libc__common.a
LOAD zephyr/soc/soc/arm/common/cortex_m/libsoc__arm__common__cortex_m.a
LOAD zephyr/soc/soc/arm/nordic_nrf/nrf52/libsoc__arm__nordic_nrf__nrf52.a
LOAD zephyr/drivers/clock_control/libdrivers__clock_control.a
LOAD zephyr/drivers/console/libdrivers__console.a
LOAD zephyr/drivers/display/libdrivers__display.a
LOAD zephyr/drivers/gpio/libdrivers__gpio.a
LOAD zephyr/drivers/pinctrl/libdrivers__pinctrl.a
LOAD zephyr/drivers/serial/libdrivers__serial.a
LOAD zephyr/drivers/spi/libdrivers__spi.a
LOAD zephyr/drivers/timer/libdrivers__timer.a
LOAD modules/nrf/lib/fatal_error/lib..__nrf__lib__fatal_error.a
LOAD modules/hal_nordic/nrfx/libmodules__hal_nordic__nrfx.a
LOAD modules/lvgl/libmodules__lvgl.a
LOAD modules/segger/libmodules__segger.a
LOAD zephyr/kernel/libkernel.a
LOAD zephyr/CMakeFiles/offsets.dir/./arch/arm/core/offsets/offsets.c.obj
LOAD c:/ncs/toolchains/c57af46cb7/opt/zephyr-sdk/arm-zephyr-eabi/bin/../lib/gcc/arm-zephyr-eabi/12.2.0/thumb/v7e-m/nofp\libgcc.a
LOAD zephyr/arch/common/libisr_tables.a
LOAD c:\ncs\toolchains\c57af46cb7\opt\zephyr-sdk\arm-zephyr-eabi\bin\../lib/gcc/../../picolibc/arm-zephyr-eabi/lib/thumb/v7e-m/nofp\libc.a
LOAD c:/ncs/toolchains/c57af46cb7/opt/zephyr-sdk/arm-zephyr-eabi/bin/../lib/gcc/arm-zephyr-eabi/12.2.0/thumb/v7e-m/nofp\libgcc.a
                0x0000000000000020                _region_min_align = 0x20

.rel.plt        0x0000000000000000        0x0
 *(SORT_BY_ALIGNMENT(.rel.plt))
                [!provide]                        PROVIDE (__rel_iplt_start = .)
 *(SORT_BY_ALIGNMENT(.rel.iplt))
 .rel.iplt      0x0000000000000000        0x0 app/libapp.a(main.c.obj)
                [!provide]                        PROVIDE (__rel_iplt_end = .)

.rela.plt       0x0000000000000000        0x0
 *(SORT_BY_ALIGNMENT(.rela.plt))
                [!provide]                        PROVIDE (__rela_iplt_start = .)
 *(SORT_BY_ALIGNMENT(.rela.iplt))
                [!provide]                        PROVIDE (__rela_iplt_end = .)

.rel.dyn
 *(SORT_BY_ALIGNMENT(.rel.*))

.rela.dyn
 *(SORT_BY_ALIGNMENT(.rela.*))

/DISCARD/
 *(SORT_BY_ALIGNMENT(.plt))

/DISCARD/
 *(SORT_BY_ALIGNMENT(.iplt))
                0x0000000000000000                __rom_region_start = 0x0

rom_start       0x0000000000000000       0xdc
                0x0000000000000000                __rom_start_address = .
                0x0000000000000000                . = (. + (0x0 - (. - __rom_start_address)))
                0x0000000000000000                . = ALIGN (0x4)
                0x0000000000000000                . = ALIGN (0x80)
                0x0000000000000000                . = ALIGN (0x100)
                0x0000000000000000                _vector_start = .
 *(SORT_BY_ALIGNMENT(.exc_vector_table))
 *(SORT_BY_ALIGNMENT(.exc_vector_table.*))
 .exc_vector_table._vector_table_section
                0x0000000000000000       0x40 zephyr/arch/arch/arm/core/aarch32/cortex_m/libarch__arm__core__aarch32__cortex_m.a(vector_table.S.obj)
                0x0000000000000000                _vector_table
 *(SORT_BY_ALIGNMENT(.vectors))
                0x00000000000000dc                _vector_end = .
                0x0000000000000040                . = ALIGN (0x4)
 *(SORT_BY_ALIGNMENT(.gnu.linkonce.irq_vector_table*))
 .gnu.linkonce.irq_vector_table
                0x0000000000000040       0x9c zephyr/arch/common/libisr_tables.a(isr_tables.c.obj)
                0x0000000000000040                _irq_vector_table
                0x00000000000000dc                _vector_end = .

text            0x00000000000000dc    0x2a68c
                0x00000000000000dc                __text_region_start = .
 *(SORT_BY_ALIGNMENT(.text))
 .text          0x00000000000000dc       0x30 c:/ncs/toolchains/c57af46cb7/opt/zephyr-sdk/arm-zephyr-eabi/bin/../lib/gcc/arm-zephyr-eabi/12.2.0/thumb/v7e-m/nofp\libgcc.a(_aeabi_uldivmod.o)
                0x00000000000000dc                __aeabi_uldivmod
 .text          0x000000000000010c        0x4 c:/ncs/toolchains/c57af46cb7/opt/zephyr-sdk/arm-zephyr-eabi/bin/../lib/gcc/arm-zephyr-eabi/12.2.0/thumb/v7e-m/nofp\libgcc.a(_dvmd_tls.o)
                0x000000000000010c                __aeabi_idiv0
                0x000000000000010c                __aeabi_ldiv0
 .text          0x0000000000000110      0x2a0 c:/ncs/toolchains/c57af46cb7/opt/zephyr-sdk/arm-zephyr-eabi/bin/../lib/gcc/arm-zephyr-eabi/12.2.0/thumb/v7e-m/nofp\libgcc.a(_udivmoddi4.o)
                0x0000000000000110                __udivmoddi4
 .text          0x00000000000003b0       0x14 c:\ncs\toolchains\c57af46cb7\opt\zephyr-sdk\arm-zephyr-eabi\bin\../lib/gcc/../../picolibc/arm-zephyr-eabi/lib/thumb/v7e-m/nofp\libc.a(strcmp.S.o)
                0x00000000000003b0                strcmp
 .text          0x00000000000003c4       0x10 c:\ncs\toolchains\c57af46cb7\opt\zephyr-sdk\arm-zephyr-eabi\bin\../lib/gcc/../../picolibc/arm-zephyr-eabi/lib/thumb/v7e-m/nofp\libc.a(strcpy.S.o)
                0x00000000000003c4                strcpy
 .text          0x00000000000003d4       0x10 c:\ncs\toolchains\c57af46cb7\opt\zephyr-sdk\arm-zephyr-eabi\bin\../lib/gcc/../../picolibc/arm-zephyr-eabi/lib/thumb/v7e-m/nofp\libc.a(strlen.S.o)
                0x00000000000003d4                strlen
 *(SORT_BY_ALIGNMENT(.text.*))
 .text.button_isr_callback
                0x00000000000003e4        0xc app/libapp.a(main.c.obj)
 .text.main     0x00000000000003f0      0x190 app/libapp.a(main.c.obj)
                0x00000000000003f0                main
 .text.cbvprintf_package
                0x0000000000000580      0x3a4 zephyr/libzephyr.a(cbprintf_packaged.c.obj)
                0x0000000000000580                cbvprintf_package
 .text.cbprintf_package_convert
                0x0000000000000924      0x3b0 zephyr/libzephyr.a(cbprintf_packaged.c.obj)
                0x0000000000000924                cbprintf_package_convert
 .text.__printk_hook_install
                0x0000000000000cd4        0xc zephyr/libzephyr.a(printk.c.obj)
                0x0000000000000cd4                __printk_hook_install
 .text.z_thread_entry
                0x0000000000000ce0       0x34 zephyr/libzephyr.a(thread_entry.c.obj)
                0x0000000000000ce0                z_thread_entry
 .text.process_event
                0x0000000000000d14      0x21c zephyr/libzephyr.a(onoff.c.obj)
 .text.z_arm_platform_init
                0x0000000000000f30        0x4 zephyr/libzephyr.a(soc_nrf_common.S.obj)
                0x0000000000000f30                z_arm_platform_init
 .text.activate_foreach_backend
                0x0000000000000f34       0x64 zephyr/libzephyr.a(log_core.c.obj)
 .text.enable_logger
                0x0000000000000f98       0x5c zephyr/libzephyr.a(log_core.c.obj)
 .text.log_process_thread_timer_expiry_fn
                0x0000000000000ff4        0xc zephyr/libzephyr.a(log_core.c.obj)
 .text.z_log_init
                0x0000000000001000       0x90 zephyr/libzephyr.a(log_core.c.obj)
 .text.log_format_func_t_get
                0x0000000000001090        0xc zephyr/libzephyr.a(log_core.c.obj)
                0x0000000000001090                log_format_func_t_get
 .text.log_set_timestamp_func
                0x000000000000109c       0x20 zephyr/libzephyr.a(log_core.c.obj)
                0x000000000000109c                log_set_timestamp_func
 .text.z_log_notify_backend_enabled
                0x00000000000010bc       0x1c zephyr/libzephyr.a(log_core.c.obj)
                0x00000000000010bc                z_log_notify_backend_enabled
 .text.z_log_dropped
                0x00000000000010d8       0x30 zephyr/libzephyr.a(log_core.c.obj)
                0x00000000000010d8                z_log_dropped
 .text.z_log_dropped_read_and_clear
                0x0000000000001108       0x20 zephyr/libzephyr.a(log_core.c.obj)
                0x0000000000001108                z_log_dropped_read_and_clear
 .text.dropped_notify
                0x0000000000001128       0x30 zephyr/libzephyr.a(log_core.c.obj)
                0x0000000000001128                dropped_notify
 .text.z_log_msg_init
                0x0000000000001158       0x20 zephyr/libzephyr.a(log_core.c.obj)
                0x0000000000001158                z_log_msg_init
 .text.log_core_init
                0x0000000000001178       0x34 zephyr/libzephyr.a(log_core.c.obj)
                0x0000000000001178                log_core_init
 .text.z_log_msg_alloc
                0x00000000000011ac       0x10 zephyr/libzephyr.a(log_core.c.obj)
                0x00000000000011ac                z_log_msg_alloc
 .text.z_log_msg_local_claim
                0x00000000000011bc        0xc zephyr/libzephyr.a(log_core.c.obj)
                0x00000000000011bc                z_log_msg_local_claim
 .text.z_log_msg_free
                0x00000000000011c8       0x10 zephyr/libzephyr.a(log_core.c.obj)
                0x00000000000011c8                z_log_msg_free
 .text.z_log_msg_pending
                0x00000000000011d8        0xc zephyr/libzephyr.a(log_core.c.obj)
                0x00000000000011d8                z_log_msg_pending
 .text.z_impl_log_process
                0x00000000000011e4       0xbc zephyr/libzephyr.a(log_core.c.obj)
                0x00000000000011e4                z_impl_log_process
 .text.z_impl_log_panic
                0x00000000000012a0       0x44 zephyr/libzephyr.a(log_core.c.obj)
                0x00000000000012a0                z_impl_log_panic
 .text.log_process_thread_func
                0x00000000000012e4       0xa4 zephyr/libzephyr.a(log_core.c.obj)
 .text.z_log_msg_post_finalize
                0x0000000000001388       0x78 zephyr/libzephyr.a(log_core.c.obj)
 .text.z_log_msg_commit
                0x0000000000001400       0x24 zephyr/libzephyr.a(log_core.c.obj)
                0x0000000000001400                z_log_msg_commit
 .text.log_source_name_get
                0x0000000000001424       0x1c zephyr/libzephyr.a(log_mgmt.c.obj)
                0x0000000000001424                log_source_name_get
 .text.log_backend_enable
                0x0000000000001440       0x28 zephyr/libzephyr.a(log_mgmt.c.obj)
                0x0000000000001440                log_backend_enable
 .text.z_impl_z_log_msg_static_create
                0x0000000000001468      0x108 zephyr/libzephyr.a(log_msg.c.obj)
                0x0000000000001468                z_impl_z_log_msg_static_create
 .text.z_impl_z_log_msg_runtime_vcreate
                0x0000000000001570       0x8c zephyr/libzephyr.a(log_msg.c.obj)
                0x0000000000001570                z_impl_z_log_msg_runtime_vcreate
 .text.print_formatted
                0x00000000000015fc       0x24 zephyr/libzephyr.a(log_output.c.obj)
 .text.newline_print
                0x0000000000001620       0x1c zephyr/libzephyr.a(log_output.c.obj)
 .text.log_output_process
                0x000000000000163c      0x2a8 zephyr/libzephyr.a(log_output.c.obj)
                0x000000000000163c                log_output_process
 .text.log_output_msg_process
                0x00000000000018e4       0x70 zephyr/libzephyr.a(log_output.c.obj)
                0x00000000000018e4                log_output_msg_process
 .text.log_output_dropped_process
                0x0000000000001954       0x58 zephyr/libzephyr.a(log_output.c.obj)
                0x0000000000001954                log_output_dropped_process
 .text.log_output_timestamp_freq_set
                0x00000000000019ac       0x2c zephyr/libzephyr.a(log_output.c.obj)
                0x00000000000019ac                log_output_timestamp_freq_set
 .text.log_backend_rtt_init
                0x00000000000019d8        0xc zephyr/libzephyr.a(log_backend_rtt.c.obj)
 .text.format_set
                0x00000000000019e4        0xc zephyr/libzephyr.a(log_backend_rtt.c.obj)
 .text.panic    0x00000000000019f0       0x14 zephyr/libzephyr.a(log_backend_rtt.c.obj)
 .text.dropped  0x0000000000001a04        0xc zephyr/libzephyr.a(log_backend_rtt.c.obj)
 .text.process  0x0000000000001a10       0x24 zephyr/libzephyr.a(log_backend_rtt.c.obj)
 .text.on_failed_write
                0x0000000000001a34       0x28 zephyr/libzephyr.a(log_backend_rtt.c.obj)
 .text.data_out_block_mode
                0x0000000000001a5c       0x84 zephyr/libzephyr.a(log_backend_rtt.c.obj)
 .text.format_set
                0x0000000000001ae0        0xc zephyr/libzephyr.a(log_backend_uart.c.obj)
 .text.panic    0x0000000000001aec       0x14 zephyr/libzephyr.a(log_backend_uart.c.obj)
 .text.dropped  0x0000000000001b00        0xc zephyr/libzephyr.a(log_backend_uart.c.obj)
 .text.process  0x0000000000001b0c       0x24 zephyr/libzephyr.a(log_backend_uart.c.obj)
 .text.char_out
                0x0000000000001b30       0x24 zephyr/libzephyr.a(log_backend_uart.c.obj)
 .text.z_arm_cpu_idle_init
                0x0000000000001b54        0xc zephyr/arch/arch/arm/core/aarch32/libarch__arm__core__aarch32.a(cpu_idle.S.obj)
                0x0000000000001b54                z_arm_cpu_idle_init
 .text.arch_cpu_idle
                0x0000000000001b60       0x1c zephyr/arch/arch/arm/core/aarch32/libarch__arm__core__aarch32.a(cpu_idle.S.obj)
                0x0000000000001b60                arch_cpu_idle
 .text.arch_cpu_atomic_idle
                0x0000000000001b7c       0x18 zephyr/arch/arch/arm/core/aarch32/libarch__arm__core__aarch32.a(cpu_idle.S.obj)
                0x0000000000001b7c                arch_cpu_atomic_idle
 .text.z_arm_fatal_error
                0x0000000000001b94       0xcc zephyr/arch/arch/arm/core/aarch32/libarch__arm__core__aarch32.a(fatal.c.obj)
                0x0000000000001b94                z_arm_fatal_error
 .text.arch_irq_enable
                0x0000000000001c60       0x1c zephyr/arch/arch/arm/core/aarch32/libarch__arm__core__aarch32.a(irq_manage.c.obj)
                0x0000000000001c60                arch_irq_enable
 .text.arch_irq_disable
                0x0000000000001c7c       0x28 zephyr/arch/arch/arm/core/aarch32/libarch__arm__core__aarch32.a(irq_manage.c.obj)
                0x0000000000001c7c                arch_irq_disable
 .text.arch_irq_is_enabled
                0x0000000000001ca4       0x1c zephyr/arch/arch/arm/core/aarch32/libarch__arm__core__aarch32.a(irq_manage.c.obj)
                0x0000000000001ca4                arch_irq_is_enabled
 .text.z_arm_irq_priority_set
                0x0000000000001cc0       0x30 zephyr/arch/arch/arm/core/aarch32/libarch__arm__core__aarch32.a(irq_manage.c.obj)
                0x0000000000001cc0                z_arm_irq_priority_set
 .text.z_SysNmiOnReset
                0x0000000000001cf0        0x8 zephyr/arch/arch/arm/core/aarch32/libarch__arm__core__aarch32.a(nmi_on_reset.S.obj)
                0x0000000000001cf0                z_SysNmiOnReset
 .text.z_arm_prep_c
                0x0000000000001cf8       0x38 zephyr/arch/arch/arm/core/aarch32/libarch__arm__core__aarch32.a(prep_c.c.obj)
                0x0000000000001cf8                z_arm_prep_c
 .text.arch_swap
                0x0000000000001d30       0x34 zephyr/arch/arch/arm/core/aarch32/libarch__arm__core__aarch32.a(swap.c.obj)
                0x0000000000001d30                arch_swap
 .text.z_arm_pendsv
                0x0000000000001d64       0x64 zephyr/arch/arch/arm/core/aarch32/libarch__arm__core__aarch32.a(swap_helper.S.obj)
                0x0000000000001d64                z_arm_pendsv
 .text.z_arm_svc
                0x0000000000001dc8       0x20 zephyr/arch/arch/arm/core/aarch32/libarch__arm__core__aarch32.a(swap_helper.S.obj)
                0x0000000000001dc8                z_arm_svc
 .text.arch_new_thread
                0x0000000000001de8       0x38 zephyr/arch/arch/arm/core/aarch32/libarch__arm__core__aarch32.a(thread.c.obj)
                0x0000000000001de8                arch_new_thread
 .text.z_check_thread_stack_fail
                0x0000000000001e20       0x2c zephyr/arch/arch/arm/core/aarch32/libarch__arm__core__aarch32.a(thread.c.obj)
                0x0000000000001e20                z_check_thread_stack_fail
 .text.arch_switch_to_main_thread
                0x0000000000001e4c       0x38 zephyr/arch/arch/arm/core/aarch32/libarch__arm__core__aarch32.a(thread.c.obj)
                0x0000000000001e4c                arch_switch_to_main_thread
 .text._isr_wrapper
                0x0000000000001e84       0x28 zephyr/arch/arch/arm/core/aarch32/libarch__arm__core__aarch32.a(isr_wrapper.S.obj)
                0x0000000000001e84                _isr_wrapper
 .text.arch_tls_stack_setup
                0x0000000000001eac       0x5c zephyr/arch/arch/arm/core/aarch32/libarch__arm__core__aarch32.a(tls.c.obj)
                0x0000000000001eac                arch_tls_stack_setup
 .text._HandlerModeExit
                0x0000000000001f08       0x1c zephyr/arch/arch/arm/core/aarch32/cortex_m/libarch__arm__core__aarch32__cortex_m.a(exc_exit.S.obj)
                0x0000000000001f08                z_arm_int_exit
                0x0000000000001f08                z_arm_exc_exit
 .text.bus_fault.constprop.0
                0x0000000000001f24      0x154 zephyr/arch/arch/arm/core/aarch32/cortex_m/libarch__arm__core__aarch32__cortex_m.a(fault.c.obj)
 .text.usage_fault.constprop.0
                0x0000000000002078      0x104 zephyr/arch/arch/arm/core/aarch32/cortex_m/libarch__arm__core__aarch32__cortex_m.a(fault.c.obj)
 .text.mem_manage_fault
                0x000000000000217c      0x178 zephyr/arch/arch/arm/core/aarch32/cortex_m/libarch__arm__core__aarch32__cortex_m.a(fault.c.obj)
 .text.z_arm_fault
                0x00000000000022f4      0x224 zephyr/arch/arch/arm/core/aarch32/cortex_m/libarch__arm__core__aarch32__cortex_m.a(fault.c.obj)
                0x00000000000022f4                z_arm_fault
 .text.z_arm_fault_init
                0x0000000000002518       0x10 zephyr/arch/arch/arm/core/aarch32/cortex_m/libarch__arm__core__aarch32__cortex_m.a(fault.c.obj)
                0x0000000000002518                z_arm_fault_init
 .text.__fault  0x0000000000002528       0x14 zephyr/arch/arch/arm/core/aarch32/cortex_m/libarch__arm__core__aarch32__cortex_m.a(fault_s.S.obj)
                0x0000000000002528                z_arm_usage_fault
                0x0000000000002528                z_arm_mpu_fault
                0x0000000000002528                z_arm_exc_spurious
                0x0000000000002528                z_arm_debug_monitor
                0x0000000000002528                z_arm_hard_fault
                0x0000000000002528                z_arm_bus_fault
 .text.z_arm_interrupt_init
                0x000000000000253c       0x18 zephyr/arch/arch/arm/core/aarch32/cortex_m/libarch__arm__core__aarch32__cortex_m.a(irq_init.c.obj)
                0x000000000000253c                z_arm_interrupt_init
 .text._reset_section
                0x0000000000002554       0x54 zephyr/arch/arch/arm/core/aarch32/cortex_m/libarch__arm__core__aarch32__cortex_m.a(reset.S.obj)
                0x0000000000002554                __start
                0x0000000000002554                z_arm_reset
 .text.sys_arch_reboot
                0x00000000000025a8       0x24 zephyr/arch/arch/arm/core/aarch32/cortex_m/libarch__arm__core__aarch32__cortex_m.a(scb.c.obj)
                0x00000000000025a8                sys_arch_reboot
 .text.z_arm_clear_arm_mpu_config
                0x00000000000025cc       0x24 zephyr/arch/arch/arm/core/aarch32/cortex_m/libarch__arm__core__aarch32__cortex_m.a(scb.c.obj)
                0x00000000000025cc                z_arm_clear_arm_mpu_config
 .text.z_arm_init_arch_hw_at_boot
                0x00000000000025f0       0x64 zephyr/arch/arch/arm/core/aarch32/cortex_m/libarch__arm__core__aarch32__cortex_m.a(scb.c.obj)
                0x00000000000025f0                z_arm_init_arch_hw_at_boot
 .text.z_impl_k_thread_abort
                0x0000000000002654       0x2c zephyr/arch/arch/arm/core/aarch32/cortex_m/libarch__arm__core__aarch32__cortex_m.a(thread_abort.c.obj)
                0x0000000000002654                z_impl_k_thread_abort
 .text.z_arm_configure_static_mpu_regions
                0x0000000000002680       0x18 zephyr/arch/arch/arm/core/aarch32/mpu/libarch__arm__core__aarch32__mpu.a(arm_core_mpu.c.obj)
                0x0000000000002680                z_arm_configure_static_mpu_regions
 .text.z_arm_configure_dynamic_mpu_regions
                0x0000000000002698       0x20 zephyr/arch/arch/arm/core/aarch32/mpu/libarch__arm__core__aarch32__mpu.a(arm_core_mpu.c.obj)
                0x0000000000002698                z_arm_configure_dynamic_mpu_regions
 .text.mpu_configure_regions
                0x00000000000026b8       0xcc zephyr/arch/arch/arm/core/aarch32/mpu/libarch__arm__core__aarch32__mpu.a(arm_mpu.c.obj)
 .text.arm_core_mpu_enable
                0x0000000000002784       0x18 zephyr/arch/arch/arm/core/aarch32/mpu/libarch__arm__core__aarch32__mpu.a(arm_mpu.c.obj)
                0x0000000000002784                arm_core_mpu_enable
 .text.arm_core_mpu_disable
                0x000000000000279c       0x14 zephyr/arch/arch/arm/core/aarch32/mpu/libarch__arm__core__aarch32__mpu.a(arm_mpu.c.obj)
                0x000000000000279c                arm_core_mpu_disable
 .text.arm_core_mpu_configure_static_mpu_regions
                0x00000000000027b0       0x14 zephyr/arch/arch/arm/core/aarch32/mpu/libarch__arm__core__aarch32__mpu.a(arm_mpu.c.obj)
                0x00000000000027b0                arm_core_mpu_configure_static_mpu_regions
 .text.arm_core_mpu_configure_dynamic_mpu_regions
                0x00000000000027c4       0x30 zephyr/arch/arch/arm/core/aarch32/mpu/libarch__arm__core__aarch32__mpu.a(arm_mpu.c.obj)
                0x00000000000027c4                arm_core_mpu_configure_dynamic_mpu_regions
 .text.z_arm_mpu_init
                0x00000000000027f4       0x60 zephyr/arch/arch/arm/core/aarch32/mpu/libarch__arm__core__aarch32__mpu.a(arm_mpu.c.obj)
                0x00000000000027f4                z_arm_mpu_init
 .text.z_impl_zephyr_fputc
                0x0000000000002854       0x10 zephyr/lib/libc/picolibc/liblib__libc__picolibc.a(libc-hooks.c.obj)
                0x0000000000002854                z_impl_zephyr_fputc
 .text.__stdout_hook_install
                0x0000000000002864       0x18 zephyr/lib/libc/picolibc/liblib__libc__picolibc.a(libc-hooks.c.obj)
                0x0000000000002864                __stdout_hook_install
 .text.cbvprintf
                0x000000000000287c       0x38 zephyr/lib/libc/picolibc/liblib__libc__picolibc.a(libc-hooks.c.obj)
                0x000000000000287c                cbvprintf
 .text.__chk_fail
                0x00000000000028b4       0x18 zephyr/lib/libc/picolibc/liblib__libc__picolibc.a(libc-hooks.c.obj)
                0x00000000000028b4                __chk_fail
 .text.malloc_prepare
                0x00000000000028cc       0x24 zephyr/lib/libc/common/liblib__libc__common.a(malloc.c.obj)
 .text.nordicsemi_nrf52_init
                0x00000000000028f0       0x18 zephyr/soc/soc/arm/nordic_nrf/nrf52/libsoc__arm__nordic_nrf__nrf52.a(soc.c.obj)
 .text.arch_busy_wait
                0x0000000000002908       0x14 zephyr/soc/soc/arm/nordic_nrf/nrf52/libsoc__arm__nordic_nrf__nrf52.a(soc.c.obj)
                0x0000000000002908                arch_busy_wait
 .text.onoff_stop
                0x000000000000291c       0x30 zephyr/drivers/clock_control/libdrivers__clock_control.a(clock_control_nrf.c.obj)
 .text.onoff_start
                0x000000000000294c       0x44 zephyr/drivers/clock_control/libdrivers__clock_control.a(clock_control_nrf.c.obj)
 .text.generic_hfclk_stop
                0x0000000000002990       0x34 zephyr/drivers/clock_control/libdrivers__clock_control.a(clock_control_nrf.c.obj)
 .text.clk_init
                0x00000000000029c4       0x58 zephyr/drivers/clock_control/libdrivers__clock_control.a(clock_control_nrf.c.obj)
 .text.clkstarted_handle.constprop.0
                0x0000000000002a1c       0x34 zephyr/drivers/clock_control/libdrivers__clock_control.a(clock_control_nrf.c.obj)
 .text.clock_event_handler
                0x0000000000002a50       0x1c zephyr/drivers/clock_control/libdrivers__clock_control.a(clock_control_nrf.c.obj)
 .text.generic_hfclk_start
                0x0000000000002a6c       0x64 zephyr/drivers/clock_control/libdrivers__clock_control.a(clock_control_nrf.c.obj)
 .text.api_blocking_start
                0x0000000000002ad0       0x34 zephyr/drivers/clock_control/libdrivers__clock_control.a(clock_control_nrf.c.obj)
 .text.lfclk_start
                0x0000000000002b04       0x24 zephyr/drivers/clock_control/libdrivers__clock_control.a(clock_control_nrf.c.obj)
 .text.z_nrf_clock_control_lf_on
                0x0000000000002b28       0xfc zephyr/drivers/clock_control/libdrivers__clock_control.a(clock_control_nrf.c.obj)
                0x0000000000002b28                z_nrf_clock_control_lf_on
 .text.uart_console_init
                0x0000000000002c24       0x28 zephyr/drivers/console/libdrivers__console.a(uart_console.c.obj)
 .text.console_out
                0x0000000000002c4c       0x28 zephyr/drivers/console/libdrivers__console.a(uart_console.c.obj)
 .text.st7789v_set_orientation.part.0
                0x0000000000002c74       0x2c zephyr/drivers/display/libdrivers__display.a(display_st7789v.c.obj)
 .text.st7789v_set_pixel_format.part.0
                0x0000000000002ca0       0x2c zephyr/drivers/display/libdrivers__display.a(display_st7789v.c.obj)
 .text.st7789v_init
                0x0000000000002ccc      0x268 zephyr/drivers/display/libdrivers__display.a(display_st7789v.c.obj)
 .text.gpio_nrfx_pin_interrupt_configure
                0x0000000000002f34       0xd8 zephyr/drivers/gpio/libdrivers__gpio.a(gpio_nrfx.c.obj)
 .text.gpio_nrfx_init
                0x000000000000300c       0x38 zephyr/drivers/gpio/libdrivers__gpio.a(gpio_nrfx.c.obj)
 .text.nrfx_gpio_handler
                0x0000000000003044       0x3c zephyr/drivers/gpio/libdrivers__gpio.a(gpio_nrfx.c.obj)
 .text.gpio_nrfx_pin_configure
                0x0000000000003080      0x128 zephyr/drivers/gpio/libdrivers__gpio.a(gpio_nrfx.c.obj)
 .text.pinctrl_configure_pins
                0x00000000000031a8      0x150 zephyr/drivers/pinctrl/libdrivers__pinctrl.a(pinctrl_nrf.c.obj)
                0x00000000000031a8                pinctrl_configure_pins
 .text.uarte_nrfx_configure
                0x00000000000032f8      0x15c zephyr/drivers/serial/libdrivers__serial.a(uart_nrfx_uarte.c.obj)
 .text.uarte_0_init
                0x0000000000003454      0x104 zephyr/drivers/serial/libdrivers__serial.a(uart_nrfx_uarte.c.obj)
 .text.uarte_nrfx_poll_out
                0x0000000000003558       0xcc zephyr/drivers/serial/libdrivers__serial.a(uart_nrfx_uarte.c.obj)
 .text.spi_nrfx_init
                0x0000000000003624      0x130 zephyr/drivers/spi/libdrivers__spi.a(spi_nrfx_spi.c.obj)
 .text.transfer_next_chunk
                0x0000000000003754       0x6c zephyr/drivers/spi/libdrivers__spi.a(spi_nrfx_spi.c.obj)
 .text.event_handler
                0x00000000000037c0       0xd8 zephyr/drivers/spi/libdrivers__spi.a(spi_nrfx_spi.c.obj)
 .text.spi_nrfx_transceive
                0x0000000000003898      0x3e0 zephyr/drivers/spi/libdrivers__spi.a(spi_nrfx_spi.c.obj)
 .text.spi_nrfx_wake_init
                0x0000000000003c78       0x54 zephyr/drivers/spi/libdrivers__spi.a(spi_nrfx_common.c.obj)
                0x0000000000003c78                spi_nrfx_wake_init
 .text.spi_nrfx_wake_request
                0x0000000000003ccc       0x80 zephyr/drivers/spi/libdrivers__spi.a(spi_nrfx_common.c.obj)
                0x0000000000003ccc                spi_nrfx_wake_request
 .text.compare_int_lock
                0x0000000000003d4c       0x48 zephyr/drivers/timer/libdrivers__timer.a(nrf_rtc_timer.c.obj)
 .text.sys_clock_timeout_handler
                0x0000000000003d94       0x48 zephyr/drivers/timer/libdrivers__timer.a(nrf_rtc_timer.c.obj)
 .text.compare_int_unlock
                0x0000000000003ddc       0x5c zephyr/drivers/timer/libdrivers__timer.a(nrf_rtc_timer.c.obj)
 .text.z_nrf_rtc_timer_read
                0x0000000000003e38       0x44 zephyr/drivers/timer/libdrivers__timer.a(nrf_rtc_timer.c.obj)
                0x0000000000003e38                z_nrf_rtc_timer_read
 .text.compare_set
                0x0000000000003e7c      0x130 zephyr/drivers/timer/libdrivers__timer.a(nrf_rtc_timer.c.obj)
 .text.sys_clock_driver_init
                0x0000000000003fac       0x90 zephyr/drivers/timer/libdrivers__timer.a(nrf_rtc_timer.c.obj)
 .text.rtc_nrf_isr
                0x000000000000403c       0xd4 zephyr/drivers/timer/libdrivers__timer.a(nrf_rtc_timer.c.obj)
                0x000000000000403c                rtc_nrf_isr
 .text.sys_clock_set_timeout
                0x0000000000004110       0x68 zephyr/drivers/timer/libdrivers__timer.a(nrf_rtc_timer.c.obj)
                0x0000000000004110                sys_clock_set_timeout
 .text.sys_clock_elapsed
                0x0000000000004178       0x14 zephyr/drivers/timer/libdrivers__timer.a(nrf_rtc_timer.c.obj)
                0x0000000000004178                sys_clock_elapsed
 .text.k_sys_fatal_error_handler
                0x000000000000418c       0x2c modules/nrf/lib/fatal_error/lib..__nrf__lib__fatal_error.a(fatal_error.c.obj)
                0x000000000000418c                k_sys_fatal_error_handler
 .text.nrf52_errata_16
                0x00000000000041b8       0x28 modules/hal_nordic/nrfx/libmodules__hal_nordic__nrfx.a(system_nrf52.c.obj)
 .text.nvmc_wait
                0x00000000000041e0       0x10 modules/hal_nordic/nrfx/libmodules__hal_nordic__nrfx.a(system_nrf52.c.obj)
                0x00000000000041e0                nvmc_wait
 .text.SystemInit
                0x00000000000041f0      0x278 modules/hal_nordic/nrfx/libmodules__hal_nordic__nrfx.a(system_nrf52.c.obj)
                0x00000000000041f0                SystemInit
 .text.nrfx_flag32_alloc
                0x0000000000004468       0x48 modules/hal_nordic/nrfx/libmodules__hal_nordic__nrfx.a(nrfx_flag32_allocator.c.obj)
                0x0000000000004468                nrfx_flag32_alloc
 .text.nrfx_flag32_free
                0x00000000000044b0       0x40 modules/hal_nordic/nrfx/libmodules__hal_nordic__nrfx.a(nrfx_flag32_allocator.c.obj)
                0x00000000000044b0                nrfx_flag32_free
 .text.nrfx_gppi_channels_enable
                0x00000000000044f0        0xc modules/hal_nordic/nrfx/libmodules__hal_nordic__nrfx.a(nrfx_gppi_ppi.c.obj)
                0x00000000000044f0                nrfx_gppi_channels_enable
 .text.clock_stop
                0x00000000000044fc       0xc4 modules/hal_nordic/nrfx/libmodules__hal_nordic__nrfx.a(nrfx_clock.c.obj)
 .text.nrfx_clock_init
                0x00000000000045c0       0x20 modules/hal_nordic/nrfx/libmodules__hal_nordic__nrfx.a(nrfx_clock.c.obj)
                0x00000000000045c0                nrfx_clock_init
 .text.nrfx_clock_start
                0x00000000000045e0       0xb0 modules/hal_nordic/nrfx/libmodules__hal_nordic__nrfx.a(nrfx_clock.c.obj)
                0x00000000000045e0                nrfx_clock_start
 .text.nrfx_power_clock_irq_handler
                0x0000000000004690       0x68 modules/hal_nordic/nrfx/libmodules__hal_nordic__nrfx.a(nrfx_clock.c.obj)
                0x0000000000004690                nrfx_power_clock_irq_handler
 .text.pin_in_use_by_te
                0x00000000000046f8       0x14 modules/hal_nordic/nrfx/libmodules__hal_nordic__nrfx.a(nrfx_gpiote.c.obj)
 .text.pin_is_output
                0x000000000000470c       0x14 modules/hal_nordic/nrfx/libmodules__hal_nordic__nrfx.a(nrfx_gpiote.c.obj)
 .text.pin_te_get
                0x0000000000004720       0x14 modules/hal_nordic/nrfx/libmodules__hal_nordic__nrfx.a(nrfx_gpiote.c.obj)
 .text.call_handler
                0x0000000000004734       0x3c modules/hal_nordic/nrfx/libmodules__hal_nordic__nrfx.a(nrfx_gpiote.c.obj)
 .text.release_handler
                0x0000000000004770       0x54 modules/hal_nordic/nrfx/libmodules__hal_nordic__nrfx.a(nrfx_gpiote.c.obj)
 .text.__nrfy_internal_gpiote_events_process.constprop.0
                0x00000000000047c4       0x54 modules/hal_nordic/nrfx/libmodules__hal_nordic__nrfx.a(nrfx_gpiote.c.obj)
 .text.nrfx_gpiote_input_configure
                0x0000000000004818      0x160 modules/hal_nordic/nrfx/libmodules__hal_nordic__nrfx.a(nrfx_gpiote.c.obj)
                0x0000000000004818                nrfx_gpiote_input_configure
 .text.nrfx_gpiote_output_configure
                0x0000000000004978       0xec modules/hal_nordic/nrfx/libmodules__hal_nordic__nrfx.a(nrfx_gpiote.c.obj)
                0x0000000000004978                nrfx_gpiote_output_configure
 .text.nrfx_gpiote_global_callback_set
                0x0000000000004a64        0xc modules/hal_nordic/nrfx/libmodules__hal_nordic__nrfx.a(nrfx_gpiote.c.obj)
                0x0000000000004a64                nrfx_gpiote_global_callback_set
 .text.nrfx_gpiote_channel_get
                0x0000000000004a70       0x2c modules/hal_nordic/nrfx/libmodules__hal_nordic__nrfx.a(nrfx_gpiote.c.obj)
                0x0000000000004a70                nrfx_gpiote_channel_get
 .text.nrfx_gpiote_init
                0x0000000000004a9c       0x50 modules/hal_nordic/nrfx/libmodules__hal_nordic__nrfx.a(nrfx_gpiote.c.obj)
                0x0000000000004a9c                nrfx_gpiote_init
 .text.nrfx_gpiote_is_init
                0x0000000000004aec       0x14 modules/hal_nordic/nrfx/libmodules__hal_nordic__nrfx.a(nrfx_gpiote.c.obj)
                0x0000000000004aec                nrfx_gpiote_is_init
 .text.nrfx_gpiote_channel_free
                0x0000000000004b00        0xc modules/hal_nordic/nrfx/libmodules__hal_nordic__nrfx.a(nrfx_gpiote.c.obj)
                0x0000000000004b00                nrfx_gpiote_channel_free
 .text.nrfx_gpiote_channel_alloc
                0x0000000000004b0c        0xc modules/hal_nordic/nrfx/libmodules__hal_nordic__nrfx.a(nrfx_gpiote.c.obj)
                0x0000000000004b0c                nrfx_gpiote_channel_alloc
 .text.nrfx_gpiote_trigger_enable
                0x0000000000004b18       0x98 modules/hal_nordic/nrfx/libmodules__hal_nordic__nrfx.a(nrfx_gpiote.c.obj)
                0x0000000000004b18                nrfx_gpiote_trigger_enable
 .text.nrfx_gpiote_trigger_disable
                0x0000000000004bb0       0x4c modules/hal_nordic/nrfx/libmodules__hal_nordic__nrfx.a(nrfx_gpiote.c.obj)
                0x0000000000004bb0                nrfx_gpiote_trigger_disable
 .text.nrfx_gpiote_pin_uninit
                0x0000000000004bfc       0x78 modules/hal_nordic/nrfx/libmodules__hal_nordic__nrfx.a(nrfx_gpiote.c.obj)
                0x0000000000004bfc                nrfx_gpiote_pin_uninit
 .text.nrfx_gpiote_irq_handler
                0x0000000000004c74      0x15c modules/hal_nordic/nrfx/libmodules__hal_nordic__nrfx.a(nrfx_gpiote.c.obj)
                0x0000000000004c74                nrfx_gpiote_irq_handler
 .text.nrfx_ppi_channel_alloc
                0x0000000000004dd0        0xc modules/hal_nordic/nrfx/libmodules__hal_nordic__nrfx.a(nrfx_ppi.c.obj)
                0x0000000000004dd0                nrfx_ppi_channel_alloc
 .text.nrf_gpio_cfg_output
                0x0000000000004ddc       0x2c modules/hal_nordic/nrfx/libmodules__hal_nordic__nrfx.a(nrfx_spi.c.obj)
 .text.spi_configure
                0x0000000000004e08      0x120 modules/hal_nordic/nrfx/libmodules__hal_nordic__nrfx.a(nrfx_spi.c.obj)
 .text.nrf_gpio_cfg_default
                0x0000000000004f28       0x2c modules/hal_nordic/nrfx/libmodules__hal_nordic__nrfx.a(nrfx_spi.c.obj)
 .text.nrfx_spi_init
                0x0000000000004f54       0x68 modules/hal_nordic/nrfx/libmodules__hal_nordic__nrfx.a(nrfx_spi.c.obj)
                0x0000000000004f54                nrfx_spi_init
 .text.nrfx_spi_uninit
                0x0000000000004fbc       0x70 modules/hal_nordic/nrfx/libmodules__hal_nordic__nrfx.a(nrfx_spi.c.obj)
                0x0000000000004fbc                nrfx_spi_uninit
 .text.nrfx_spi_xfer
                0x000000000000502c       0xfc modules/hal_nordic/nrfx/libmodules__hal_nordic__nrfx.a(nrfx_spi.c.obj)
                0x000000000000502c                nrfx_spi_xfer
 .text.nrfx_spi_1_irq_handler
                0x0000000000005128       0x10 modules/hal_nordic/nrfx/libmodules__hal_nordic__nrfx.a(nrfx_spi.c.obj)
                0x0000000000005128                nrfx_spi_1_irq_handler
 .text.nrfx_spi_2_irq_handler
                0x0000000000005138       0x10 modules/hal_nordic/nrfx/libmodules__hal_nordic__nrfx.a(nrfx_spi.c.obj)
                0x0000000000005138                nrfx_spi_2_irq_handler
 .text.lv_disp_get_scr_act
                0x0000000000005148       0x34 modules/lvgl/libmodules__lvgl.a(lv_disp.c.obj)
                0x0000000000005148                lv_disp_get_scr_act
 .text.lv_disp_get_scr_prev
                0x000000000000517c       0x34 modules/lvgl/libmodules__lvgl.a(lv_disp.c.obj)
                0x000000000000517c                lv_disp_get_scr_prev
 .text.lv_disp_get_layer_top
                0x00000000000051b0       0x34 modules/lvgl/libmodules__lvgl.a(lv_disp.c.obj)
                0x00000000000051b0                lv_disp_get_layer_top
 .text.lv_disp_get_layer_sys
                0x00000000000051e4       0x34 modules/lvgl/libmodules__lvgl.a(lv_disp.c.obj)
                0x00000000000051e4                lv_disp_get_layer_sys
 .text.lv_disp_is_invalidation_enabled
                0x0000000000005218       0x40 modules/lvgl/libmodules__lvgl.a(lv_disp.c.obj)
                0x0000000000005218                lv_disp_is_invalidation_enabled
 .text.event_send_core
                0x0000000000005258      0x128 modules/lvgl/libmodules__lvgl.a(lv_event.c.obj)
 .text.lv_event_send
                0x0000000000005380       0x40 modules/lvgl/libmodules__lvgl.a(lv_event.c.obj)
                0x0000000000005380                lv_event_send
 .text._lv_event_mark_deleted
                0x00000000000053c0       0x24 modules/lvgl/libmodules__lvgl.a(lv_event.c.obj)
                0x00000000000053c0                _lv_event_mark_deleted
 .text.lv_obj_add_event_cb
                0x00000000000053e4       0xbc modules/lvgl/libmodules__lvgl.a(lv_event.c.obj)
                0x00000000000053e4                lv_obj_add_event_cb
 .text.lv_event_get_indev
                0x00000000000054a0       0x34 modules/lvgl/libmodules__lvgl.a(lv_event.c.obj)
                0x00000000000054a0                lv_event_get_indev
 .text.lv_event_get_draw_ctx
                0x00000000000054d4       0x34 modules/lvgl/libmodules__lvgl.a(lv_event.c.obj)
                0x00000000000054d4                lv_event_get_draw_ctx
 .text.lv_event_set_ext_draw_size
                0x0000000000005508       0x40 modules/lvgl/libmodules__lvgl.a(lv_event.c.obj)
                0x0000000000005508                lv_event_set_ext_draw_size
 .text._lv_group_init
                0x0000000000005548        0xc modules/lvgl/libmodules__lvgl.a(lv_group.c.obj)
                0x0000000000005548                _lv_group_init
 .text.lv_group_get_default
                0x0000000000005554        0xc modules/lvgl/libmodules__lvgl.a(lv_group.c.obj)
                0x0000000000005554                lv_group_get_default
 .text.lv_group_focus_next
                0x0000000000005560       0x28 modules/lvgl/libmodules__lvgl.a(lv_group.c.obj)
                0x0000000000005560                lv_group_focus_next
 .text.lv_group_focus_prev
                0x0000000000005588       0x28 modules/lvgl/libmodules__lvgl.a(lv_group.c.obj)
                0x0000000000005588                lv_group_focus_prev
 .text.lv_group_add_obj
                0x00000000000055b0       0xa4 modules/lvgl/libmodules__lvgl.a(lv_group.c.obj)
                0x00000000000055b0                lv_group_add_obj
 .text.lv_indev_get_act
                0x0000000000005654        0xc modules/lvgl/libmodules__lvgl.a(lv_indev.c.obj)
                0x0000000000005654                lv_indev_get_act
 .text.lv_indev_reset
                0x0000000000005660       0xa0 modules/lvgl/libmodules__lvgl.a(lv_indev.c.obj)
                0x0000000000005660                lv_indev_reset
 .text.lv_indev_get_obj_act
                0x0000000000005700        0xc modules/lvgl/libmodules__lvgl.a(lv_indev.c.obj)
                0x0000000000005700                lv_indev_get_obj_act
 .text.lv_obj_draw
                0x000000000000570c      0x444 modules/lvgl/libmodules__lvgl.a(lv_obj.c.obj)
 .text.lv_init  0x0000000000005b50       0x74 modules/lvgl/libmodules__lvgl.a(lv_obj.c.obj)
                0x0000000000005b50                lv_init
 .text.lv_obj_create
                0x0000000000005bc4       0x18 modules/lvgl/libmodules__lvgl.a(lv_obj.c.obj)
                0x0000000000005bc4                lv_obj_create
 .text.lv_obj_destructor
                0x0000000000005bdc       0x68 modules/lvgl/libmodules__lvgl.a(lv_obj.c.obj)
 .text.lv_obj_allocate_spec_attr
                0x0000000000005c44       0x6c modules/lvgl/libmodules__lvgl.a(lv_obj.c.obj)
                0x0000000000005c44                lv_obj_allocate_spec_attr
 .text.lv_obj_class_create_obj
                0x0000000000005cb0      0x104 modules/lvgl/libmodules__lvgl.a(lv_obj_class.c.obj)
                0x0000000000005cb0                lv_obj_class_create_obj
 .text.lv_obj_is_layout_positioned
                0x0000000000005db4       0x34 modules/lvgl/libmodules__lvgl.a(lv_obj_pos.c.obj)
                0x0000000000005db4                lv_obj_is_layout_positioned
 .text.lv_layout_register
                0x0000000000005de8       0x70 modules/lvgl/libmodules__lvgl.a(lv_obj_pos.c.obj)
                0x0000000000005de8                lv_layout_register
 .text.lv_obj_get_self_width
                0x0000000000005e58       0x1c modules/lvgl/libmodules__lvgl.a(lv_obj_pos.c.obj)
                0x0000000000005e58                lv_obj_get_self_width
 .text.lv_obj_refr_pos
                0x0000000000005e74      0x258 modules/lvgl/libmodules__lvgl.a(lv_obj_pos.c.obj)
                0x0000000000005e74                lv_obj_refr_pos
 .text.lv_obj_refr_size
                0x00000000000060cc      0x554 modules/lvgl/libmodules__lvgl.a(lv_obj_pos.c.obj)
                0x00000000000060cc                lv_obj_refr_size
 .text.layout_update_core
                0x0000000000006620       0x7c modules/lvgl/libmodules__lvgl.a(lv_obj_pos.c.obj)
 .text.lv_obj_update_layout
                0x000000000000669c       0x34 modules/lvgl/libmodules__lvgl.a(lv_obj_pos.c.obj)
                0x000000000000669c                lv_obj_update_layout
 .text.lv_obj_align_to
                0x00000000000066d0      0x3c4 modules/lvgl/libmodules__lvgl.a(lv_obj_pos.c.obj)
                0x00000000000066d0                lv_obj_align_to
 .text.lv_obj_get_scroll_bottom
                0x0000000000006a94       0xa4 modules/lvgl/libmodules__lvgl.a(lv_obj_scroll.c.obj)
                0x0000000000006a94                lv_obj_get_scroll_bottom
 .text.lv_obj_get_scroll_left
                0x0000000000006b38       0xd0 modules/lvgl/libmodules__lvgl.a(lv_obj_scroll.c.obj)
                0x0000000000006b38                lv_obj_get_scroll_left
 .text.lv_obj_get_scroll_right
                0x0000000000006c08       0xb8 modules/lvgl/libmodules__lvgl.a(lv_obj_scroll.c.obj)
                0x0000000000006c08                lv_obj_get_scroll_right
 .text.lv_obj_get_scroll_end
                0x0000000000006cc0       0x44 modules/lvgl/libmodules__lvgl.a(lv_obj_scroll.c.obj)
                0x0000000000006cc0                lv_obj_get_scroll_end
 .text.lv_obj_scroll_by
                0x0000000000006d04      0x11c modules/lvgl/libmodules__lvgl.a(lv_obj_scroll.c.obj)
                0x0000000000006d04                lv_obj_scroll_by
 .text.lv_obj_scroll_to_x
                0x0000000000006e20       0x2c modules/lvgl/libmodules__lvgl.a(lv_obj_scroll.c.obj)
                0x0000000000006e20                lv_obj_scroll_to_x
 .text.lv_obj_scroll_to_y
                0x0000000000006e4c       0x2c modules/lvgl/libmodules__lvgl.a(lv_obj_scroll.c.obj)
                0x0000000000006e4c                lv_obj_scroll_to_y
 .text.scroll_area_into_view
                0x0000000000006e78      0x2f0 modules/lvgl/libmodules__lvgl.a(lv_obj_scroll.c.obj)
 .text.get_local_style
                0x0000000000007168       0xe4 modules/lvgl/libmodules__lvgl.a(lv_obj_style.c.obj)
 .text.trans_del.isra.0
                0x000000000000724c       0xa4 modules/lvgl/libmodules__lvgl.a(lv_obj_style.c.obj)
 .text._lv_obj_style_init
                0x00000000000072f0        0xc modules/lvgl/libmodules__lvgl.a(lv_obj_style.c.obj)
                0x00000000000072f0                _lv_obj_style_init
 .text.lv_obj_enable_style_refresh
                0x00000000000072fc        0xc modules/lvgl/libmodules__lvgl.a(lv_obj_style.c.obj)
                0x00000000000072fc                lv_obj_enable_style_refresh
 .text.lv_obj_refresh_style
                0x0000000000007308      0x1e4 modules/lvgl/libmodules__lvgl.a(lv_obj_style.c.obj)
                0x0000000000007308                lv_obj_refresh_style
 .text.lv_obj_report_style_change
                0x00000000000074ec       0x38 modules/lvgl/libmodules__lvgl.a(lv_obj_style.c.obj)
                0x00000000000074ec                lv_obj_report_style_change
 .text.trans_anim_cb
                0x0000000000007524      0x17c modules/lvgl/libmodules__lvgl.a(lv_obj_style.c.obj)
 .text.trans_anim_ready_cb
                0x00000000000076a0       0xa8 modules/lvgl/libmodules__lvgl.a(lv_obj_style.c.obj)
 .text._lv_obj_style_create_transition
                0x0000000000007748      0x170 modules/lvgl/libmodules__lvgl.a(lv_obj_style.c.obj)
                0x0000000000007748                _lv_obj_style_create_transition
 .text.lv_obj_get_disp
                0x00000000000078b8       0x60 modules/lvgl/libmodules__lvgl.a(lv_obj_tree.c.obj)
                0x00000000000078b8                lv_obj_get_disp
 .text.lv_obj_del
                0x0000000000007918       0x8c modules/lvgl/libmodules__lvgl.a(lv_obj_tree.c.obj)
                0x0000000000007918                lv_obj_del
 .text.lv_obj_set_parent
                0x00000000000079a4      0x110 modules/lvgl/libmodules__lvgl.a(lv_obj_tree.c.obj)
                0x00000000000079a4                lv_obj_set_parent
 .text.refr_obj
                0x0000000000007ab4      0x338 modules/lvgl/libmodules__lvgl.a(lv_refr.c.obj)
 .text.refr_obj_and_children
                0x0000000000007dec       0x8c modules/lvgl/libmodules__lvgl.a(lv_refr.c.obj)
 .text.refr_area_part
                0x0000000000007e78      0x5fc modules/lvgl/libmodules__lvgl.a(lv_refr.c.obj)
 .text._lv_inv_area
                0x0000000000008474      0x100 modules/lvgl/libmodules__lvgl.a(lv_refr.c.obj)
                0x0000000000008474                _lv_inv_area
 .text._lv_refr_get_disp_refreshing
                0x0000000000008574        0xc modules/lvgl/libmodules__lvgl.a(lv_refr.c.obj)
                0x0000000000008574                _lv_refr_get_disp_refreshing
 .text._lv_disp_refr_timer
                0x0000000000008580      0x408 modules/lvgl/libmodules__lvgl.a(lv_refr.c.obj)
                0x0000000000008580                _lv_disp_refr_timer
 .text.lv_theme_apply
                0x0000000000008988       0x28 modules/lvgl/libmodules__lvgl.a(lv_theme.c.obj)
                0x0000000000008988                lv_theme_apply
 .text.lv_draw_arc_get_area
                0x00000000000089b0      0x45c modules/lvgl/libmodules__lvgl.a(lv_draw_arc.c.obj)
                0x00000000000089b0                lv_draw_arc_get_area
 .text.lv_img_cf_get_px_size
                0x0000000000008e0c       0x14 modules/lvgl/libmodules__lvgl.a(lv_draw_img.c.obj)
                0x0000000000008e0c                lv_img_cf_get_px_size
 .text.lv_draw_img
                0x0000000000008e20      0x284 modules/lvgl/libmodules__lvgl.a(lv_draw_img.c.obj)
                0x0000000000008e20                lv_draw_img
 .text.lv_draw_label_dsc_init
                0x00000000000090a4       0x34 modules/lvgl/libmodules__lvgl.a(lv_draw_label.c.obj)
                0x00000000000090a4                lv_draw_label_dsc_init
 .text.lv_draw_label
                0x00000000000090d8      0x5a4 modules/lvgl/libmodules__lvgl.a(lv_draw_label.c.obj)
                0x00000000000090d8                lv_draw_label
 .text.lv_draw_layer_create
                0x000000000000967c       0x94 modules/lvgl/libmodules__lvgl.a(lv_draw_layer.c.obj)
                0x000000000000967c                lv_draw_layer_create
 .text.lv_draw_mask_add
                0x0000000000009710       0x48 modules/lvgl/libmodules__lvgl.a(lv_draw_mask.c.obj)
                0x0000000000009710                lv_draw_mask_add
 .text.lv_draw_mask_apply
                0x0000000000009758       0x40 modules/lvgl/libmodules__lvgl.a(lv_draw_mask.c.obj)
                0x0000000000009758                lv_draw_mask_apply
 .text.lv_draw_mask_remove_id
                0x0000000000009798       0x28 modules/lvgl/libmodules__lvgl.a(lv_draw_mask.c.obj)
                0x0000000000009798                lv_draw_mask_remove_id
 .text.lv_draw_mask_remove_custom
                0x00000000000097c0       0x2c modules/lvgl/libmodules__lvgl.a(lv_draw_mask.c.obj)
                0x00000000000097c0                lv_draw_mask_remove_custom
 .text._lv_draw_mask_cleanup
                0x00000000000097ec       0x28 modules/lvgl/libmodules__lvgl.a(lv_draw_mask.c.obj)
                0x00000000000097ec                _lv_draw_mask_cleanup
 .text.lv_draw_mask_is_any
                0x0000000000009814       0x54 modules/lvgl/libmodules__lvgl.a(lv_draw_mask.c.obj)
                0x0000000000009814                lv_draw_mask_is_any
 .text.lv_draw_mask_line_points_init
                0x0000000000009868      0x124 modules/lvgl/libmodules__lvgl.a(lv_draw_mask.c.obj)
                0x0000000000009868                lv_draw_mask_line_points_init
 .text.lv_draw_mask_angle_init
                0x000000000000998c       0xa0 modules/lvgl/libmodules__lvgl.a(lv_draw_mask.c.obj)
                0x000000000000998c                lv_draw_mask_angle_init
 .text.lv_draw_mask_radius_init
                0x0000000000009a2c      0x464 modules/lvgl/libmodules__lvgl.a(lv_draw_mask.c.obj)
                0x0000000000009a2c                lv_draw_mask_radius_init
 .text.lv_draw_rect_dsc_init
                0x0000000000009e90       0x38 modules/lvgl/libmodules__lvgl.a(lv_draw_rect.c.obj)
                0x0000000000009e90                lv_draw_rect_dsc_init
 .text.lv_draw_transform
                0x0000000000009ec8       0x70 modules/lvgl/libmodules__lvgl.a(lv_draw_transform.c.obj)
                0x0000000000009ec8                lv_draw_transform
 .text._lv_img_cache_open
                0x0000000000009f38       0x78 modules/lvgl/libmodules__lvgl.a(lv_img_cache.c.obj)
                0x0000000000009f38                _lv_img_cache_open
 .text.lv_img_decoder_built_in_info
                0x0000000000009fb0       0xe0 modules/lvgl/libmodules__lvgl.a(lv_img_decoder.c.obj)
                0x0000000000009fb0                lv_img_decoder_built_in_info
 .text.lv_img_decoder_built_in_read_line
                0x000000000000a090      0x368 modules/lvgl/libmodules__lvgl.a(lv_img_decoder.c.obj)
                0x000000000000a090                lv_img_decoder_built_in_read_line
 .text.lv_img_decoder_built_in_open
                0x000000000000a3f8      0x240 modules/lvgl/libmodules__lvgl.a(lv_img_decoder.c.obj)
                0x000000000000a3f8                lv_img_decoder_built_in_open
 .text.lv_img_decoder_get_info
                0x000000000000a638       0x5c modules/lvgl/libmodules__lvgl.a(lv_img_decoder.c.obj)
                0x000000000000a638                lv_img_decoder_get_info
 .text.lv_img_decoder_open
                0x000000000000a694       0xf0 modules/lvgl/libmodules__lvgl.a(lv_img_decoder.c.obj)
                0x000000000000a694                lv_img_decoder_open
 .text.lv_img_decoder_create
                0x000000000000a784       0x4c modules/lvgl/libmodules__lvgl.a(lv_img_decoder.c.obj)
                0x000000000000a784                lv_img_decoder_create
 .text._lv_img_decoder_init
                0x000000000000a7d0       0x68 modules/lvgl/libmodules__lvgl.a(lv_img_decoder.c.obj)
                0x000000000000a7d0                _lv_img_decoder_init
 .text.lv_draw_sw_init_ctx
                0x000000000000a838       0x88 modules/lvgl/libmodules__lvgl.a(lv_draw_sw.c.obj)
                0x000000000000a838                lv_draw_sw_init_ctx
 .text.lv_draw_sw_blend_basic
                0x000000000000a8c0      0x9dc modules/lvgl/libmodules__lvgl.a(lv_draw_sw_blend.c.obj)
                0x000000000000a8c0                lv_draw_sw_blend_basic
 .text.iterate_cache
                0x000000000000b29c       0x6c modules/lvgl/libmodules__lvgl.a(lv_draw_sw_gradient.c.obj)
 .text.kill_oldest_item
                0x000000000000b308       0x80 modules/lvgl/libmodules__lvgl.a(lv_draw_sw_gradient.c.obj)
 .text.lv_gradient_set_cache_size
                0x000000000000b388       0x64 modules/lvgl/libmodules__lvgl.a(lv_draw_sw_gradient.c.obj)
                0x000000000000b388                lv_gradient_set_cache_size
 .text.lv_gradient_calculate
                0x000000000000b3ec      0x100 modules/lvgl/libmodules__lvgl.a(lv_draw_sw_gradient.c.obj)
                0x000000000000b3ec                lv_gradient_calculate
 .text.lv_gradient_get
                0x000000000000b4ec      0x1a0 modules/lvgl/libmodules__lvgl.a(lv_draw_sw_gradient.c.obj)
                0x000000000000b4ec                lv_gradient_get
 .text.lv_draw_sw_layer_create
                0x000000000000b68c      0x130 modules/lvgl/libmodules__lvgl.a(lv_draw_sw_layer.c.obj)
                0x000000000000b68c                lv_draw_sw_layer_create
 .text.lv_draw_sw_letter
                0x000000000000b7bc      0x460 modules/lvgl/libmodules__lvgl.a(lv_draw_sw_letter.c.obj)
                0x000000000000b7bc                lv_draw_sw_letter
 .text.lv_draw_sw_line
                0x000000000000bc1c      0x74c modules/lvgl/libmodules__lvgl.a(lv_draw_sw_line.c.obj)
                0x000000000000bc1c                lv_draw_sw_line
 .text.lv_draw_sw_polygon
                0x000000000000c368      0x284 modules/lvgl/libmodules__lvgl.a(lv_draw_sw_polygon.c.obj)
                0x000000000000c368                lv_draw_sw_polygon
 .text.draw_bg_img
                0x000000000000c5ec      0x228 modules/lvgl/libmodules__lvgl.a(lv_draw_sw_rect.c.obj)
 .text.find_track_end
                0x000000000000c814      0x294 modules/lvgl/libmodules__lvgl.a(lv_flex.c.obj)
 .text.flex_update
                0x000000000000caa8      0x730 modules/lvgl/libmodules__lvgl.a(lv_flex.c.obj)
 .text.lv_flex_init
                0x000000000000d1d8       0x50 modules/lvgl/libmodules__lvgl.a(lv_flex.c.obj)
                0x000000000000d1d8                lv_flex_init
 .text.lv_obj_set_style_flex_flow
                0x000000000000d228       0x10 modules/lvgl/libmodules__lvgl.a(lv_flex.c.obj)
                0x000000000000d228                lv_obj_set_style_flex_flow
 .text.lv_obj_set_flex_flow
                0x000000000000d238       0x20 modules/lvgl/libmodules__lvgl.a(lv_flex.c.obj)
                0x000000000000d238                lv_obj_set_flex_flow
 .text.lv_obj_set_style_flex_main_place
                0x000000000000d258       0x10 modules/lvgl/libmodules__lvgl.a(lv_flex.c.obj)
                0x000000000000d258                lv_obj_set_style_flex_main_place
 .text.lv_obj_set_style_flex_cross_place
                0x000000000000d268       0x10 modules/lvgl/libmodules__lvgl.a(lv_flex.c.obj)
                0x000000000000d268                lv_obj_set_style_flex_cross_place
 .text.lv_obj_set_style_flex_track_place
                0x000000000000d278       0x10 modules/lvgl/libmodules__lvgl.a(lv_flex.c.obj)
                0x000000000000d278                lv_obj_set_style_flex_track_place
 .text.lv_obj_set_flex_align
                0x000000000000d288       0x38 modules/lvgl/libmodules__lvgl.a(lv_flex.c.obj)
                0x000000000000d288                lv_obj_set_flex_align
 .text.lv_obj_set_style_flex_grow
                0x000000000000d2c0       0x10 modules/lvgl/libmodules__lvgl.a(lv_flex.c.obj)
                0x000000000000d2c0                lv_obj_set_style_flex_grow
 .text.grid_align
                0x000000000000d2d0      0x130 modules/lvgl/libmodules__lvgl.a(lv_grid.c.obj)
 .text.grid_update
                0x000000000000d400      0x81c modules/lvgl/libmodules__lvgl.a(lv_grid.c.obj)
 .text.lv_grid_init
                0x000000000000dc1c       0xa4 modules/lvgl/libmodules__lvgl.a(lv_grid.c.obj)
                0x000000000000dc1c                lv_grid_init
 .text.theme_apply
                0x000000000000dcc0      0xe88 modules/lvgl/libmodules__lvgl.a(lv_theme_default.c.obj)
 .text.grey_filter_cb
                0x000000000000eb48       0x30 modules/lvgl/libmodules__lvgl.a(lv_theme_default.c.obj)
 .text.style_init_reset
                0x000000000000eb78       0x14 modules/lvgl/libmodules__lvgl.a(lv_theme_default.c.obj)
 .text.lv_theme_default_init
                0x000000000000eb8c     0x15c4 modules/lvgl/libmodules__lvgl.a(lv_theme_default.c.obj)
                0x000000000000eb8c                lv_theme_default_init
 .text.lv_theme_default_get
                0x0000000000010150       0x18 modules/lvgl/libmodules__lvgl.a(lv_theme_default.c.obj)
                0x0000000000010150                lv_theme_default_get
 .text.lv_theme_default_is_inited
                0x0000000000010168       0x10 modules/lvgl/libmodules__lvgl.a(lv_theme_default.c.obj)
                0x0000000000010168                lv_theme_default_is_inited
 .text.lv_calendar_set_showed_date
                0x0000000000010178      0x13c modules/lvgl/libmodules__lvgl.a(lv_calendar.c.obj)
                0x0000000000010178                lv_calendar_set_showed_date
 .text.lv_calendar_constructor
                0x00000000000102b4       0xe8 modules/lvgl/libmodules__lvgl.a(lv_calendar.c.obj)
 .text.my_constructor
                0x000000000001039c       0xe0 modules/lvgl/libmodules__lvgl.a(lv_calendar_header_arrow.c.obj)
 .text.value_changed_event_cb
                0x000000000001047c       0x3c modules/lvgl/libmodules__lvgl.a(lv_calendar_header_arrow.c.obj)
 .text.month_event_cb
                0x00000000000104b8       0x7c modules/lvgl/libmodules__lvgl.a(lv_calendar_header_arrow.c.obj)
 .text.my_constructor
                0x0000000000010534       0x90 modules/lvgl/libmodules__lvgl.a(lv_calendar_header_dropdown.c.obj)
 .text.lv_chart_constructor
                0x00000000000105c4       0x50 modules/lvgl/libmodules__lvgl.a(lv_chart.c.obj)
 .text.lv_chart_get_point_pos_by_id
                0x0000000000010614      0x1f4 modules/lvgl/libmodules__lvgl.a(lv_chart.c.obj)
                0x0000000000010614                lv_chart_get_point_pos_by_id
 .text.draw_y_ticks
                0x0000000000010808      0x2dc modules/lvgl/libmodules__lvgl.a(lv_chart.c.obj)
 .text.draw_x_ticks
                0x0000000000010ae4      0x364 modules/lvgl/libmodules__lvgl.a(lv_chart.c.obj)
 .text.lv_chart_event
                0x0000000000010e48     0x1108 modules/lvgl/libmodules__lvgl.a(lv_chart.c.obj)
 .text.lv_colorwheel_constructor
                0x0000000000011f50       0x50 modules/lvgl/libmodules__lvgl.a(lv_colorwheel.c.obj)
 .text.lv_colorwheel_event
                0x0000000000011fa0      0x784 modules/lvgl/libmodules__lvgl.a(lv_colorwheel.c.obj)
 .text.lv_keyboard_update_ctrl_map
                0x0000000000012724       0x6c modules/lvgl/libmodules__lvgl.a(lv_keyboard.c.obj)
 .text.lv_keyboard_update_map
                0x0000000000012790       0x20 modules/lvgl/libmodules__lvgl.a(lv_keyboard.c.obj)
 .text.lv_keyboard_constructor
                0x00000000000127b0       0x4c modules/lvgl/libmodules__lvgl.a(lv_keyboard.c.obj)
 .text.lv_keyboard_def_event_cb
                0x00000000000127fc      0x1f4 modules/lvgl/libmodules__lvgl.a(lv_keyboard.c.obj)
                0x00000000000127fc                lv_keyboard_def_event_cb
 .text.lv_led_event
                0x00000000000129f0      0x250 modules/lvgl/libmodules__lvgl.a(lv_led.c.obj)
 .text.lv_menu_constructor
                0x0000000000012c40      0x138 modules/lvgl/libmodules__lvgl.a(lv_menu.c.obj)
 .text.lv_menu_set_page
                0x0000000000012d78      0x10c modules/lvgl/libmodules__lvgl.a(lv_menu.c.obj)
                0x0000000000012d78                lv_menu_set_page
 .text.lv_meter_event
                0x0000000000012e84      0x8ac modules/lvgl/libmodules__lvgl.a(lv_meter.c.obj)
 .text.lv_spinbox_updatevalue
                0x0000000000013730       0xf0 modules/lvgl/libmodules__lvgl.a(lv_spinbox.c.obj)
 .text.lv_spinbox_constructor
                0x0000000000013820       0x50 modules/lvgl/libmodules__lvgl.a(lv_spinbox.c.obj)
 .text.lv_spinbox_event
                0x0000000000013870      0x158 modules/lvgl/libmodules__lvgl.a(lv_spinbox.c.obj)
 .text.lv_spinner_constructor
                0x00000000000139c8       0x84 modules/lvgl/libmodules__lvgl.a(lv_spinner.c.obj)
 .text.lv_tabview_constructor
                0x0000000000013a4c      0x14c modules/lvgl/libmodules__lvgl.a(lv_tabview.c.obj)
 .text.lv_tabview_event
                0x0000000000013b98       0x34 modules/lvgl/libmodules__lvgl.a(lv_tabview.c.obj)
 .text.lv_tileview_constructor
                0x0000000000013bcc       0x3c modules/lvgl/libmodules__lvgl.a(lv_tileview.c.obj)
 .text.lv_tileview_tile_constructor
                0x0000000000013c08       0x78 modules/lvgl/libmodules__lvgl.a(lv_tileview.c.obj)
 .text.lv_win_constructor
                0x0000000000013c80       0x74 modules/lvgl/libmodules__lvgl.a(lv_win.c.obj)
 .text.lv_font_get_glyph_bitmap
                0x0000000000013cf4       0x3c modules/lvgl/libmodules__lvgl.a(lv_font.c.obj)
                0x0000000000013cf4                lv_font_get_glyph_bitmap
 .text.lv_font_get_glyph_dsc
                0x0000000000013d30       0xe8 modules/lvgl/libmodules__lvgl.a(lv_font.c.obj)
                0x0000000000013d30                lv_font_get_glyph_dsc
 .text.lv_font_get_glyph_width
                0x0000000000013e18       0x48 modules/lvgl/libmodules__lvgl.a(lv_font.c.obj)
                0x0000000000013e18                lv_font_get_glyph_width
 .text.get_glyph_dsc_id
                0x0000000000013e60       0xd8 modules/lvgl/libmodules__lvgl.a(lv_font_fmt_txt.c.obj)
 .text.lv_font_get_bitmap_fmt_txt
                0x0000000000013f38       0x48 modules/lvgl/libmodules__lvgl.a(lv_font_fmt_txt.c.obj)
                0x0000000000013f38                lv_font_get_bitmap_fmt_txt
 .text.lv_font_get_glyph_dsc_fmt_txt
                0x0000000000013f80      0x144 modules/lvgl/libmodules__lvgl.a(lv_font_fmt_txt.c.obj)
                0x0000000000013f80                lv_font_get_glyph_dsc_fmt_txt
 .text.lv_disp_drv_init
                0x00000000000140c4       0x48 modules/lvgl/libmodules__lvgl.a(lv_hal_disp.c.obj)
                0x00000000000140c4                lv_disp_drv_init
 .text.lv_disp_drv_register
                0x000000000001410c      0x1a0 modules/lvgl/libmodules__lvgl.a(lv_hal_disp.c.obj)
                0x000000000001410c                lv_disp_drv_register
 .text.lv_disp_get_default
                0x00000000000142ac        0xc modules/lvgl/libmodules__lvgl.a(lv_hal_disp.c.obj)
                0x00000000000142ac                lv_disp_get_default
 .text.lv_disp_get_hor_res
                0x00000000000142b8       0x20 modules/lvgl/libmodules__lvgl.a(lv_hal_disp.c.obj)
                0x00000000000142b8                lv_disp_get_hor_res
 .text.lv_disp_get_ver_res
                0x00000000000142d8       0x20 modules/lvgl/libmodules__lvgl.a(lv_hal_disp.c.obj)
                0x00000000000142d8                lv_disp_get_ver_res
 .text.lv_disp_get_dpi
                0x00000000000142f8       0x1c modules/lvgl/libmodules__lvgl.a(lv_hal_disp.c.obj)
                0x00000000000142f8                lv_disp_get_dpi
 .text.lv_disp_get_next
                0x0000000000014314       0x14 modules/lvgl/libmodules__lvgl.a(lv_hal_disp.c.obj)
                0x0000000000014314                lv_disp_get_next
 .text.lv_indev_get_next
                0x0000000000014328       0x14 modules/lvgl/libmodules__lvgl.a(lv_hal_indev.c.obj)
                0x0000000000014328                lv_indev_get_next
 .text.anim_mark_list_change
                0x000000000001433c       0x34 modules/lvgl/libmodules__lvgl.a(lv_anim.c.obj)
 .text.anim_timer
                0x0000000000014370      0x17c modules/lvgl/libmodules__lvgl.a(lv_anim.c.obj)
 .text._lv_anim_core_init
                0x00000000000144ec       0x34 modules/lvgl/libmodules__lvgl.a(lv_anim.c.obj)
                0x00000000000144ec                _lv_anim_core_init
 .text.lv_anim_init
                0x0000000000014520       0x2c modules/lvgl/libmodules__lvgl.a(lv_anim.c.obj)
                0x0000000000014520                lv_anim_init
 .text.lv_anim_del
                0x000000000001454c       0x60 modules/lvgl/libmodules__lvgl.a(lv_anim.c.obj)
                0x000000000001454c                lv_anim_del
 .text.lv_anim_start
                0x00000000000145ac       0xb4 modules/lvgl/libmodules__lvgl.a(lv_anim.c.obj)
                0x00000000000145ac                lv_anim_start
 .text.lv_anim_get
                0x0000000000014660       0x30 modules/lvgl/libmodules__lvgl.a(lv_anim.c.obj)
                0x0000000000014660                lv_anim_get
 .text.lv_point_transform
                0x0000000000014690      0x130 modules/lvgl/libmodules__lvgl.a(lv_area.c.obj)
                0x0000000000014690                lv_point_transform
 .text.lv_palette_main
                0x00000000000147c0       0x3c modules/lvgl/libmodules__lvgl.a(lv_color.c.obj)
                0x00000000000147c0                lv_palette_main
 .text.lv_palette_lighten
                0x00000000000147fc       0x5c modules/lvgl/libmodules__lvgl.a(lv_color.c.obj)
                0x00000000000147fc                lv_palette_lighten
 .text.lv_palette_darken
                0x0000000000014858       0x5c modules/lvgl/libmodules__lvgl.a(lv_color.c.obj)
                0x0000000000014858                lv_palette_darken
 .text._lv_fs_init
                0x00000000000148b4        0xc modules/lvgl/libmodules__lvgl.a(lv_fs.c.obj)
                0x00000000000148b4                _lv_fs_init
 .text.lv_fs_read
                0x00000000000148c0      0x1b0 modules/lvgl/libmodules__lvgl.a(lv_fs.c.obj)
                0x00000000000148c0                lv_fs_read
 .text.lv_fs_get_drv
                0x0000000000014a70       0x2c modules/lvgl/libmodules__lvgl.a(lv_fs.c.obj)
                0x0000000000014a70                lv_fs_get_drv
 .text.lv_fs_open
                0x0000000000014a9c      0x100 modules/lvgl/libmodules__lvgl.a(lv_fs.c.obj)
                0x0000000000014a9c                lv_fs_open
 .text.lv_fs_get_ext
                0x0000000000014b9c       0x2c modules/lvgl/libmodules__lvgl.a(lv_fs.c.obj)
                0x0000000000014b9c                lv_fs_get_ext
 .text.lv_log_register_print_cb
                0x0000000000014bc8        0xc modules/lvgl/libmodules__lvgl.a(lv_log.c.obj)
                0x0000000000014bc8                lv_log_register_print_cb
 .text._lv_log_add
                0x0000000000014bd4       0xb8 modules/lvgl/libmodules__lvgl.a(lv_log.c.obj)
                0x0000000000014bd4                _lv_log_add
 .text.lv_trigo_sin
                0x0000000000014c8c       0x58 modules/lvgl/libmodules__lvgl.a(lv_math.c.obj)
                0x0000000000014c8c                lv_trigo_sin
 .text.lv_mem_alloc
                0x0000000000014ce4       0x10 modules/lvgl/libmodules__lvgl.a(lv_mem.c.obj)
                0x0000000000014ce4                lv_mem_alloc
 .text.lv_mem_free
                0x0000000000014cf4       0x14 modules/lvgl/libmodules__lvgl.a(lv_mem.c.obj)
                0x0000000000014cf4                lv_mem_free
 .text.lv_mem_realloc
                0x0000000000014d08       0x4c modules/lvgl/libmodules__lvgl.a(lv_mem.c.obj)
                0x0000000000014d08                lv_mem_realloc
 .text.lv_mem_buf_get
                0x0000000000014d54      0x100 modules/lvgl/libmodules__lvgl.a(lv_mem.c.obj)
                0x0000000000014d54                lv_mem_buf_get
 .text.lv_mem_buf_release
                0x0000000000014e54       0x48 modules/lvgl/libmodules__lvgl.a(lv_mem.c.obj)
                0x0000000000014e54                lv_mem_buf_release
 .text.lv_mem_buf_free_all
                0x0000000000014e9c       0x34 modules/lvgl/libmodules__lvgl.a(lv_mem.c.obj)
                0x0000000000014e9c                lv_mem_buf_free_all
 .text.lv_style_reset
                0x0000000000014ed0       0x48 modules/lvgl/libmodules__lvgl.a(lv_style.c.obj)
                0x0000000000014ed0                lv_style_reset
 .text.lv_style_register_prop
                0x0000000000014f18       0xe0 modules/lvgl/libmodules__lvgl.a(lv_style.c.obj)
                0x0000000000014f18                lv_style_register_prop
 .text.lv_style_remove_prop
                0x0000000000014ff8       0xdc modules/lvgl/libmodules__lvgl.a(lv_style.c.obj)
                0x0000000000014ff8                lv_style_remove_prop
 .text.lv_style_transition_dsc_init
                0x00000000000150d4       0x2c modules/lvgl/libmodules__lvgl.a(lv_style.c.obj)
                0x00000000000150d4                lv_style_transition_dsc_init
 .text.lv_style_prop_get_default
                0x0000000000015100       0x98 modules/lvgl/libmodules__lvgl.a(lv_style.c.obj)
                0x0000000000015100                lv_style_prop_get_default
 .text.lv_style_set_prop_internal
                0x0000000000015198      0x118 modules/lvgl/libmodules__lvgl.a(lv_style.c.obj)
 .text.lv_style_set_prop
                0x00000000000152b0        0xc modules/lvgl/libmodules__lvgl.a(lv_style.c.obj)
                0x00000000000152b0                lv_style_set_prop
 .text._lv_style_prop_lookup_flags
                0x00000000000152bc       0x40 modules/lvgl/libmodules__lvgl.a(lv_style.c.obj)
                0x00000000000152bc                _lv_style_prop_lookup_flags
 .text._lv_timer_core_init
                0x00000000000152fc       0x1c modules/lvgl/libmodules__lvgl.a(lv_timer.c.obj)
                0x00000000000152fc                _lv_timer_core_init
 .text.lv_timer_create
                0x0000000000015318       0x70 modules/lvgl/libmodules__lvgl.a(lv_timer.c.obj)
                0x0000000000015318                lv_timer_create
 .text.lv_timer_del
                0x0000000000015388       0x24 modules/lvgl/libmodules__lvgl.a(lv_timer.c.obj)
                0x0000000000015388                lv_timer_del
 .text.lv_timer_handler
                0x00000000000153ac      0x1c4 modules/lvgl/libmodules__lvgl.a(lv_timer.c.obj)
                0x00000000000153ac                lv_timer_handler
 .text.lv_txt_utf8_prev
                0x0000000000015570       0x48 modules/lvgl/libmodules__lvgl.a(lv_txt.c.obj)
 .text.lv_txt_utf8_get_byte_id
                0x00000000000155b8       0x38 modules/lvgl/libmodules__lvgl.a(lv_txt.c.obj)
 .text.lv_txt_utf8_get_char_id
                0x00000000000155f0       0x28 modules/lvgl/libmodules__lvgl.a(lv_txt.c.obj)
 .text.lv_txt_utf8_get_length
                0x0000000000015618       0x28 modules/lvgl/libmodules__lvgl.a(lv_txt.c.obj)
 .text._lv_txt_get_next_line
                0x0000000000015640      0x22c modules/lvgl/libmodules__lvgl.a(lv_txt.c.obj)
                0x0000000000015640                _lv_txt_get_next_line
 .text._lv_txt_ins
                0x000000000001586c       0x54 modules/lvgl/libmodules__lvgl.a(lv_txt.c.obj)
                0x000000000001586c                _lv_txt_ins
 .text._lv_txt_cut
                0x00000000000158c0       0x48 modules/lvgl/libmodules__lvgl.a(lv_txt.c.obj)
                0x00000000000158c0                _lv_txt_cut
 .text._lv_txt_set_text_vfmt
                0x0000000000015908       0x70 modules/lvgl/libmodules__lvgl.a(lv_txt.c.obj)
                0x0000000000015908                _lv_txt_set_text_vfmt
 .text._lv_txt_encoded_letter_next_2
                0x0000000000015978       0x34 modules/lvgl/libmodules__lvgl.a(lv_txt.c.obj)
                0x0000000000015978                _lv_txt_encoded_letter_next_2
 .text.lv_txt_get_size
                0x00000000000159ac       0xdc modules/lvgl/libmodules__lvgl.a(lv_txt.c.obj)
                0x00000000000159ac                lv_txt_get_size
 .text.lv_arc_constructor
                0x0000000000015a88       0x5c modules/lvgl/libmodules__lvgl.a(lv_arc.c.obj)
 .text.value_update
                0x0000000000015ae4       0xf0 modules/lvgl/libmodules__lvgl.a(lv_arc.c.obj)
 .text.lv_arc_event
                0x0000000000015bd4      0x5e8 modules/lvgl/libmodules__lvgl.a(lv_arc.c.obj)
 .text.lv_bar_set_value_with_anim
                0x00000000000161bc       0x7c modules/lvgl/libmodules__lvgl.a(lv_bar.c.obj)
 .text.draw_indic
                0x0000000000016238      0x518 modules/lvgl/libmodules__lvgl.a(lv_bar.c.obj)
 .text.lv_bar_event
                0x0000000000016750       0xc8 modules/lvgl/libmodules__lvgl.a(lv_bar.c.obj)
 .text.lv_btn_create
                0x0000000000016818       0x18 modules/lvgl/libmodules__lvgl.a(lv_btn.c.obj)
                0x0000000000016818                lv_btn_create
 .text.lv_btnmatrix_set_map.part.0
                0x0000000000016830      0x2ac modules/lvgl/libmodules__lvgl.a(lv_btnmatrix.c.obj)
 .text.lv_btnmatrix_constructor
                0x0000000000016adc       0x28 modules/lvgl/libmodules__lvgl.a(lv_btnmatrix.c.obj)
 .text.draw_main
                0x0000000000016b04      0x3b0 modules/lvgl/libmodules__lvgl.a(lv_btnmatrix.c.obj)
 .text.lv_btnmatrix_create
                0x0000000000016eb4       0x18 modules/lvgl/libmodules__lvgl.a(lv_btnmatrix.c.obj)
                0x0000000000016eb4                lv_btnmatrix_create
 .text.lv_btnmatrix_get_btn_text
                0x0000000000016ecc       0x5c modules/lvgl/libmodules__lvgl.a(lv_btnmatrix.c.obj)
                0x0000000000016ecc                lv_btnmatrix_get_btn_text
 .text.lv_btnmatrix_event
                0x0000000000016f28      0x528 modules/lvgl/libmodules__lvgl.a(lv_btnmatrix.c.obj)
 .text.lv_checkbox_constructor
                0x0000000000017450       0x38 modules/lvgl/libmodules__lvgl.a(lv_checkbox.c.obj)
 .text.lv_checkbox_event
                0x0000000000017488      0x2e0 modules/lvgl/libmodules__lvgl.a(lv_checkbox.c.obj)
 .text.lv_dropdown_create
                0x0000000000017768       0x18 modules/lvgl/libmodules__lvgl.a(lv_dropdown.c.obj)
                0x0000000000017768                lv_dropdown_create
 .text.lv_dropdown_set_options
                0x0000000000017780       0xcc modules/lvgl/libmodules__lvgl.a(lv_dropdown.c.obj)
                0x0000000000017780                lv_dropdown_set_options
 .text.lv_dropdown_set_options_static
                0x000000000001784c       0x90 modules/lvgl/libmodules__lvgl.a(lv_dropdown.c.obj)
                0x000000000001784c                lv_dropdown_set_options_static
 .text.lv_dropdown_constructor
                0x00000000000178dc       0x60 modules/lvgl/libmodules__lvgl.a(lv_dropdown.c.obj)
 .text.lv_dropdown_get_selected_str
                0x000000000001793c       0x78 modules/lvgl/libmodules__lvgl.a(lv_dropdown.c.obj)
                0x000000000001793c                lv_dropdown_get_selected_str
 .text.lv_dropdown_list_event
                0x00000000000179b4      0x1a4 modules/lvgl/libmodules__lvgl.a(lv_dropdown.c.obj)
 .text.lv_dropdown_event
                0x0000000000017b58      0x398 modules/lvgl/libmodules__lvgl.a(lv_dropdown.c.obj)
 .text.lv_img_create
                0x0000000000017ef0       0x18 modules/lvgl/libmodules__lvgl.a(lv_img.c.obj)
                0x0000000000017ef0                lv_img_create
 .text.lv_img_set_src
                0x0000000000017f08      0x1c0 modules/lvgl/libmodules__lvgl.a(lv_img.c.obj)
                0x0000000000017f08                lv_img_set_src
 .text.lv_img_event
                0x00000000000180c8      0x690 modules/lvgl/libmodules__lvgl.a(lv_img.c.obj)
 .text.lv_label_revert_dots
                0x0000000000018758       0x58 modules/lvgl/libmodules__lvgl.a(lv_label.c.obj)
 .text.lv_label_create
                0x00000000000187b0       0x18 modules/lvgl/libmodules__lvgl.a(lv_label.c.obj)
                0x00000000000187b0                lv_label_create
 .text.lv_label_get_letter_pos
                0x00000000000187c8      0x1ec modules/lvgl/libmodules__lvgl.a(lv_label.c.obj)
                0x00000000000187c8                lv_label_get_letter_pos
 .text.lv_label_get_letter_on
                0x00000000000189b4      0x220 modules/lvgl/libmodules__lvgl.a(lv_label.c.obj)
                0x00000000000189b4                lv_label_get_letter_on
 .text.lv_label_refr_text
                0x0000000000018bd4      0x4dc modules/lvgl/libmodules__lvgl.a(lv_label.c.obj)
 .text.lv_label_set_text
                0x00000000000190b0       0xc0 modules/lvgl/libmodules__lvgl.a(lv_label.c.obj)
                0x00000000000190b0                lv_label_set_text
 .text.lv_label_set_text_fmt
                0x0000000000019170       0x7c modules/lvgl/libmodules__lvgl.a(lv_label.c.obj)
                0x0000000000019170                lv_label_set_text_fmt
 .text.lv_label_set_long_mode
                0x00000000000191ec       0x60 modules/lvgl/libmodules__lvgl.a(lv_label.c.obj)
                0x00000000000191ec                lv_label_set_long_mode
 .text.lv_label_constructor
                0x000000000001924c       0x4c modules/lvgl/libmodules__lvgl.a(lv_label.c.obj)
 .text.lv_label_event
                0x0000000000019298      0x344 modules/lvgl/libmodules__lvgl.a(lv_label.c.obj)
 .text.lv_label_is_char_under_pos
                0x00000000000195dc      0x1e8 modules/lvgl/libmodules__lvgl.a(lv_label.c.obj)
                0x00000000000195dc                lv_label_is_char_under_pos
 .text.lv_label_ins_text
                0x00000000000197c4       0xc0 modules/lvgl/libmodules__lvgl.a(lv_label.c.obj)
                0x00000000000197c4                lv_label_ins_text
 .text.lv_line_event
                0x0000000000019884      0x170 modules/lvgl/libmodules__lvgl.a(lv_line.c.obj)
 .text.refr_position
                0x00000000000199f4      0x130 modules/lvgl/libmodules__lvgl.a(lv_roller.c.obj)
 .text.lv_roller_label_event
                0x0000000000019b24      0x158 modules/lvgl/libmodules__lvgl.a(lv_roller.c.obj)
 .text.lv_roller_set_options
                0x0000000000019c7c       0xf0 modules/lvgl/libmodules__lvgl.a(lv_roller.c.obj)
                0x0000000000019c7c                lv_roller_set_options
 .text.lv_roller_constructor
                0x0000000000019d6c       0x4c modules/lvgl/libmodules__lvgl.a(lv_roller.c.obj)
 .text.lv_roller_event
                0x0000000000019db8      0x494 modules/lvgl/libmodules__lvgl.a(lv_roller.c.obj)
 .text.lv_slider_event
                0x000000000001a24c      0x744 modules/lvgl/libmodules__lvgl.a(lv_slider.c.obj)
 .text.lv_switch_event
                0x000000000001a990      0x2b0 modules/lvgl/libmodules__lvgl.a(lv_switch.c.obj)
 .text.draw_main
                0x000000000001ac40      0x4c4 modules/lvgl/libmodules__lvgl.a(lv_table.c.obj)
 .text.lv_table_event
                0x000000000001b104      0x2c8 modules/lvgl/libmodules__lvgl.a(lv_table.c.obj)
 .text.start_cursor_blink
                0x000000000001b3cc       0x64 modules/lvgl/libmodules__lvgl.a(lv_textarea.c.obj)
 .text.refr_cursor_area
                0x000000000001b430      0x210 modules/lvgl/libmodules__lvgl.a(lv_textarea.c.obj)
 .text.lv_textarea_set_cursor_pos
                0x000000000001b640       0xf4 modules/lvgl/libmodules__lvgl.a(lv_textarea.c.obj)
                0x000000000001b640                lv_textarea_set_cursor_pos
 .text.lv_textarea_constructor
                0x000000000001b734       0x84 modules/lvgl/libmodules__lvgl.a(lv_textarea.c.obj)
 .text.lv_textarea_get_password_bullet
                0x000000000001b7b8       0x30 modules/lvgl/libmodules__lvgl.a(lv_textarea.c.obj)
                0x000000000001b7b8                lv_textarea_get_password_bullet
 .text.pwd_char_hider
                0x000000000001b7e8       0x7c modules/lvgl/libmodules__lvgl.a(lv_textarea.c.obj)
 .text.auto_hide_characters
                0x000000000001b864       0x4c modules/lvgl/libmodules__lvgl.a(lv_textarea.c.obj)
 .text.lv_textarea_add_text
                0x000000000001b8b0      0x128 modules/lvgl/libmodules__lvgl.a(lv_textarea.c.obj)
                0x000000000001b8b0                lv_textarea_add_text
 .text.insert_handler
                0x000000000001b9d8       0x3c modules/lvgl/libmodules__lvgl.a(lv_textarea.c.obj)
 .text.lv_textarea_add_char
                0x000000000001ba14      0x120 modules/lvgl/libmodules__lvgl.a(lv_textarea.c.obj)
                0x000000000001ba14                lv_textarea_add_char
 .text.lv_textarea_del_char
                0x000000000001bb34       0xc0 modules/lvgl/libmodules__lvgl.a(lv_textarea.c.obj)
                0x000000000001bb34                lv_textarea_del_char
 .text.lv_textarea_set_text
                0x000000000001bbf4      0x120 modules/lvgl/libmodules__lvgl.a(lv_textarea.c.obj)
                0x000000000001bbf4                lv_textarea_set_text
 .text.lv_textarea_event
                0x000000000001bd14      0x480 modules/lvgl/libmodules__lvgl.a(lv_textarea.c.obj)
 .text.lvgl_log
                0x000000000001c194       0x6c modules/lvgl/libmodules__lvgl.a(lvgl.c.obj)
 .text.lvgl_init
                0x000000000001c200      0x13c modules/lvgl/libmodules__lvgl.a(lvgl.c.obj)
 .text.set_lvgl_rendering_cb
                0x000000000001c33c       0x80 modules/lvgl/libmodules__lvgl.a(lvgl_display.c.obj)
                0x000000000001c33c                set_lvgl_rendering_cb
 .text.lvgl_heap_init
                0x000000000001c3bc       0x1c modules/lvgl/libmodules__lvgl.a(lvgl_mem.c.obj)
 .text.lvgl_malloc
                0x000000000001c3d8       0x28 modules/lvgl/libmodules__lvgl.a(lvgl_mem.c.obj)
                0x000000000001c3d8                lvgl_malloc
 .text.lvgl_realloc
                0x000000000001c400       0x2c modules/lvgl/libmodules__lvgl.a(lvgl_mem.c.obj)
                0x000000000001c400                lvgl_realloc
 .text.lvgl_free
                0x000000000001c42c       0x28 modules/lvgl/libmodules__lvgl.a(lvgl_mem.c.obj)
                0x000000000001c42c                lvgl_free
 .text._DoInit  0x000000000001c454       0x60 modules/segger/libmodules__segger.a(SEGGER_RTT.c.obj)
 .text.SEGGER_RTT_WriteSkipNoLock
                0x000000000001c4b4       0x88 modules/segger/libmodules__segger.a(SEGGER_RTT.c.obj)
                0x000000000001c4b4                SEGGER_RTT_WriteSkipNoLock
 .text.SEGGER_RTT_HasDataUp
                0x000000000001c53c       0x14 modules/segger/libmodules__segger.a(SEGGER_RTT.c.obj)
                0x000000000001c53c                SEGGER_RTT_HasDataUp
 .text.zephyr_rtt_mutex_lock
                0x000000000001c550       0x14 modules/segger/libmodules__segger.a(SEGGER_RTT_zephyr.c.obj)
                0x000000000001c550                zephyr_rtt_mutex_lock
 .text.zephyr_rtt_mutex_unlock
                0x000000000001c564        0xc modules/segger/libmodules__segger.a(SEGGER_RTT_zephyr.c.obj)
                0x000000000001c564                zephyr_rtt_mutex_unlock
 .text.z_fatal_error
                0x000000000001c570      0x100 zephyr/kernel/libkernel.a(fatal.c.obj)
                0x000000000001c570                z_fatal_error
 .text.z_sys_init_run_level
                0x000000000001c670       0x48 zephyr/kernel/libkernel.a(init.c.obj)
 .text.bg_thread_main
                0x000000000001c6b8       0x34 zephyr/kernel/libkernel.a(init.c.obj)
 .text.z_bss_zero
                0x000000000001c6ec       0x18 zephyr/kernel/libkernel.a(init.c.obj)
                0x000000000001c6ec                z_bss_zero
 .text.z_init_cpu
                0x000000000001c704       0x8c zephyr/kernel/libkernel.a(init.c.obj)
                0x000000000001c704                z_init_cpu
 .text.z_cstart
                0x000000000001c790       0xe0 zephyr/kernel/libkernel.a(init.c.obj)
                0x000000000001c790                z_cstart
 .text.z_setup_new_thread
                0x000000000001c870       0x80 zephyr/kernel/libkernel.a(thread.c.obj)
                0x000000000001c870                z_setup_new_thread
 .text.z_impl_k_thread_create
                0x000000000001c8f0       0x58 zephyr/kernel/libkernel.a(thread.c.obj)
                0x000000000001c8f0                z_impl_k_thread_create
 .text.z_init_static_threads
                0x000000000001c948       0xb8 zephyr/kernel/libkernel.a(thread.c.obj)
                0x000000000001c948                z_init_static_threads
 .text.z_impl_k_mutex_lock
                0x000000000001ca00       0xf4 zephyr/kernel/libkernel.a(mutex.c.obj)
                0x000000000001ca00                z_impl_k_mutex_lock
 .text.z_impl_k_mutex_unlock
                0x000000000001caf4       0x78 zephyr/kernel/libkernel.a(mutex.c.obj)
                0x000000000001caf4                z_impl_k_mutex_unlock
 .text.z_impl_k_sem_give
                0x000000000001cb6c       0x48 zephyr/kernel/libkernel.a(sem.c.obj)
                0x000000000001cb6c                z_impl_k_sem_give
 .text.z_impl_k_sem_take
                0x000000000001cbb4       0x50 zephyr/kernel/libkernel.a(sem.c.obj)
                0x000000000001cbb4                z_impl_k_sem_take
 .text.z_impl_k_sem_reset
                0x000000000001cc04       0x3c zephyr/kernel/libkernel.a(sem.c.obj)
                0x000000000001cc04                z_impl_k_sem_reset
 .text.sliceable
                0x000000000001cc40       0x3c zephyr/kernel/libkernel.a(sched.c.obj)
 .text.slice_timeout
                0x000000000001cc7c       0x20 zephyr/kernel/libkernel.a(sched.c.obj)
 .text.z_reset_time_slice
                0x000000000001cc9c       0x50 zephyr/kernel/libkernel.a(sched.c.obj)
                0x000000000001cc9c                z_reset_time_slice
 .text.update_cache
                0x000000000001ccec       0x3c zephyr/kernel/libkernel.a(sched.c.obj)
 .text.move_thread_to_end_of_prio_q
                0x000000000001cd28       0x74 zephyr/kernel/libkernel.a(sched.c.obj)
 .text.ready_thread
                0x000000000001cd9c       0x68 zephyr/kernel/libkernel.a(sched.c.obj)
 .text.unready_thread
                0x000000000001ce04       0x30 zephyr/kernel/libkernel.a(sched.c.obj)
 .text.pend_locked
                0x000000000001ce34       0x30 zephyr/kernel/libkernel.a(sched.c.obj)
 .text.z_time_slice
                0x000000000001ce64       0x60 zephyr/kernel/libkernel.a(sched.c.obj)
                0x000000000001ce64                z_time_slice
 .text.z_pend_curr
                0x000000000001cec4       0x3c zephyr/kernel/libkernel.a(sched.c.obj)
                0x000000000001cec4                z_pend_curr
 .text.z_set_prio
                0x000000000001cf00       0x8c zephyr/kernel/libkernel.a(sched.c.obj)
                0x000000000001cf00                z_set_prio
 .text.z_reschedule
                0x000000000001cf8c       0x24 zephyr/kernel/libkernel.a(sched.c.obj)
                0x000000000001cf8c                z_reschedule
 .text.z_sched_start
                0x000000000001cfb0       0x3c zephyr/kernel/libkernel.a(sched.c.obj)
                0x000000000001cfb0                z_sched_start
 .text.z_impl_k_thread_suspend
                0x000000000001cfec       0x64 zephyr/kernel/libkernel.a(sched.c.obj)
                0x000000000001cfec                z_impl_k_thread_suspend
 .text.k_sched_lock
                0x000000000001d050       0x28 zephyr/kernel/libkernel.a(sched.c.obj)
                0x000000000001d050                k_sched_lock
 .text.k_sched_unlock
                0x000000000001d078       0x38 zephyr/kernel/libkernel.a(sched.c.obj)
                0x000000000001d078                k_sched_unlock
 .text.z_sched_init
                0x000000000001d0b0       0x10 zephyr/kernel/libkernel.a(sched.c.obj)
                0x000000000001d0b0                z_sched_init
 .text.z_impl_k_yield
                0x000000000001d0c0       0x7c zephyr/kernel/libkernel.a(sched.c.obj)
                0x000000000001d0c0                z_impl_k_yield
 .text.z_tick_sleep
                0x000000000001d13c       0x88 zephyr/kernel/libkernel.a(sched.c.obj)
 .text.z_impl_k_sleep
                0x000000000001d1c4       0x34 zephyr/kernel/libkernel.a(sched.c.obj)
                0x000000000001d1c4                z_impl_k_sleep
 .text.z_impl_z_current_get
                0x000000000001d1f8        0xc zephyr/kernel/libkernel.a(sched.c.obj)
                0x000000000001d1f8                z_impl_z_current_get
 .text.z_thread_abort
                0x000000000001d204       0xc0 zephyr/kernel/libkernel.a(sched.c.obj)
                0x000000000001d204                z_thread_abort
 .text.z_data_copy
                0x000000000001d2c4       0x34 zephyr/kernel/libkernel.a(xip.c.obj)
                0x000000000001d2c4                z_data_copy
 .text.elapsed  0x000000000001d2f8       0x14 zephyr/kernel/libkernel.a(timeout.c.obj)
 .text.next_timeout
                0x000000000001d30c       0x40 zephyr/kernel/libkernel.a(timeout.c.obj)
 .text.remove_timeout
                0x000000000001d34c       0x38 zephyr/kernel/libkernel.a(timeout.c.obj)
 .text.z_add_timeout
                0x000000000001d384       0xec zephyr/kernel/libkernel.a(timeout.c.obj)
                0x000000000001d384                z_add_timeout
 .text.sys_clock_announce
                0x000000000001d470       0xd4 zephyr/kernel/libkernel.a(timeout.c.obj)
                0x000000000001d470                sys_clock_announce
 .text.sys_clock_tick_get
                0x000000000001d544       0x34 zephyr/kernel/libkernel.a(timeout.c.obj)
                0x000000000001d544                sys_clock_tick_get
 .text.z_timer_expiration_handler
                0x000000000001d578       0xe4 zephyr/kernel/libkernel.a(timer.c.obj)
                0x000000000001d578                z_timer_expiration_handler
 .text.z_impl_k_timer_start
                0x000000000001d65c       0x60 zephyr/kernel/libkernel.a(timer.c.obj)
                0x000000000001d65c                z_impl_k_timer_start
 .text.boot_banner
                0x000000000001d6bc        0xc zephyr/kernel/libkernel.a(banner.c.obj)
                0x000000000001d6bc                boot_banner
 .text.statics_init
                0x000000000001d6c8       0x24 zephyr/kernel/libkernel.a(kheap.c.obj)
 .text.snprintf
                0x000000000001d6ec       0x58 c:\ncs\toolchains\c57af46cb7\opt\zephyr-sdk\arm-zephyr-eabi\bin\../lib/gcc/../../picolibc/arm-zephyr-eabi/lib/thumb/v7e-m/nofp\libc.a(libc_tinystdio_snprintf.c.o)
                0x000000000001d6ec                snprintf
 .text.sprintf  0x000000000001d744       0x50 c:\ncs\toolchains\c57af46cb7\opt\zephyr-sdk\arm-zephyr-eabi\bin\../lib/gcc/../../picolibc/arm-zephyr-eabi/lib/thumb/v7e-m/nofp\libc.a(libc_tinystdio_sprintf.c.o)
                0x000000000001d744                sprintf
 .text.__i_vfprintf
                0x000000000001d794      0x490 c:\ncs\toolchains\c57af46cb7\opt\zephyr-sdk\arm-zephyr-eabi\bin\../lib/gcc/../../picolibc/arm-zephyr-eabi/lib/thumb/v7e-m/nofp\libc.a(libc_tinystdio_vfiprintf.c.o)
                0x000000000001d794                __i_vfprintf
 .text.vsnprintf
                0x000000000001dc24       0x50 c:\ncs\toolchains\c57af46cb7\opt\zephyr-sdk\arm-zephyr-eabi\bin\../lib/gcc/../../picolibc/arm-zephyr-eabi/lib/thumb/v7e-m/nofp\libc.a(libc_tinystdio_vsnprintf.c.o)
                0x000000000001dc24                vsnprintf
 .text.cbpprintf_external
                0x000000000001dc74       0x62 zephyr/libzephyr.a(cbprintf_packaged.c.obj)
                0x000000000001dc74                cbpprintf_external
 .text.is_ptr   0x000000000001dcd6       0x4a zephyr/libzephyr.a(cbprintf_packaged.c.obj)
                0x000000000001dcd6                is_ptr
 .text.arch_printk_char_out
                0x000000000001dd20        0x4 zephyr/libzephyr.a(printk.c.obj)
                0x000000000001dd20                arch_printk_char_out
 .text.printk   0x000000000001dd24       0x1a zephyr/libzephyr.a(printk.c.obj)
                0x000000000001dd24                printk
 .text.chunk_size
                0x000000000001dd3e        0xa zephyr/libzephyr.a(heap.c.obj)
 .text.free_list_add
                0x000000000001dd48       0x4e zephyr/libzephyr.a(heap.c.obj)
 .text.free_list_remove_bidx
                0x000000000001dd96       0x3a zephyr/libzephyr.a(heap.c.obj)
 .text.free_list_remove
                0x000000000001ddd0       0x1a zephyr/libzephyr.a(heap.c.obj)
 .text.alloc_chunk
                0x000000000001ddea       0x6e zephyr/libzephyr.a(heap.c.obj)
 .text.merge_chunks
                0x000000000001de58       0x2c zephyr/libzephyr.a(heap.c.obj)
 .text.split_chunks
                0x000000000001de84       0x34 zephyr/libzephyr.a(heap.c.obj)
 .text.free_chunk
                0x000000000001deb8       0x62 zephyr/libzephyr.a(heap.c.obj)
 .text.sys_heap_free
                0x000000000001df1a       0x1e zephyr/libzephyr.a(heap.c.obj)
                0x000000000001df1a                sys_heap_free
 .text.sys_heap_alloc
                0x000000000001df38       0x52 zephyr/libzephyr.a(heap.c.obj)
                0x000000000001df38                sys_heap_alloc